<html>
<body>
<pre>
<h1>µVision Build Log</h1>
<h2>Tool Versions:</h2>
IDE-Version: µVision V5.26.2.0
Copyright (C) 2018 ARM Ltd and ARM Germany GmbH. All rights reserved.
License Information: Trevor Barrett, UT, LIC=----
 
Tool Versions:
Toolchain:       MDK-Lite  Version: 5.26.2.0
Toolchain Path:  C:\Keil_v5\ARM\ARMCC\Bin
C Compiler:      Armcc.exe V5.06 update 6 (build 750)
Assembler:       Armasm.exe V5.06 update 6 (build 750)
Linker/Locator:  ArmLink.exe V5.06 update 6 (build 750)
Library Manager: ArmAr.exe V5.06 update 6 (build 750)
Hex Converter:   FromElf.exe V5.06 update 6 (build 750)
CPU DLL:         SARMCM3.DLL V5.26.2.0
Dialog DLL:      DCM.DLL V1.17.2.0
Target DLL:      lmidk-agdi.dll V???
Dialog DLL:      TCM.DLL V1.36.1.0
 
<h2>Project:</h2>
C:\Keil_v5\EE319KwareSpring2019\Lab10_EE319K\SpaceInvaders.uvprojx
Project File Date:  04/27/2019

<h2>Output:</h2>
*** Using Compiler 'V5.06 update 6 (build 750)', folder: 'C:\Keil_v5\ARM\ARMCC\Bin'
Build target 'SpaceInvaders'
compiling SpaceInvaders.c...
SpaceInvaders.c(152): warning:  #223-D: function "ADC_In" declared implicitly
  		laserxPos = ADC_In() / 32 + 9;
SpaceInvaders.c(182): warning:  #940-D: missing return statement at end of non-void function "PlayerShoot" 
  }
SpaceInvaders.c(224): warning:  #550-D: variable "k"  was set but never used
  	uint8_t k = 0;										//wait for clock to start
SpaceInvaders.c(237): warning:  #223-D: function "ADC_Init" declared implicitly
  	ADC_Init();
SpaceInvaders.c(239): warning:  #167-D: argument of type "uint8_t (*)(void)" is incompatible with parameter of type "void (*)(void)"
  	Timer0_Init(&PlayerShoot, 80000000/2);
SpaceInvaders.c(254): warning:  #223-D: function "ADC_In" declared implicitly
  		shipPos = ADC_In();
SpaceInvaders.c(261): warning:  #111-D: statement is unreachable
    Delay100ms(50);              // delay 5 sec at 80 MHz
SpaceInvaders.c: 7 warnings, 0 errors
linking...
Program Size: Code=5964 RO-data=5304 RW-data=128 ZI-data=1120  
".\SpaceInvaders.axf" - 0 Error(s), 7 Warning(s).

<h2>Software Packages used:</h2>

Package Vendor: ARM
                http://www.keil.com/pack/ARM.CMSIS.5.5.1.pack
                ARM.CMSIS.5.5.1
                CMSIS (Cortex Microcontroller Software Interface Standard)
   * Component: CORE Version: 5.2.0

Package Vendor: Keil
                http://www.keil.com/pack/Keil.TM4C_DFP.1.1.0.pack
                Keil.TM4C_DFP.1.1.0
                Texas Instruments Tiva C Series Device Support and Examples

<h2>Collection of Component include folders:</h2>
  .\RTE\_SpaceInvaders
  C:\Keil_v5\ARM\PACK\ARM\CMSIS\5.5.1\CMSIS\Core\Include
  C:\Keil_v5\ARM\PACK\Keil\TM4C_DFP\1.1.0\Device\Include\TM4C123

<h2>Collection of Component Files used:</h2>

   * Component: ARM::CMSIS:CORE:5.2.0
Build Time Elapsed:  00:00:00
</pre>
</body>
</html>
