Component: ARM Compiler 5.06 update 6 (build 750) Tool: armlink [4d35ed]

==============================================================================

Section Cross References

    startup.o(STACK) refers (Special) to heapauxi.o(.text) for __use_two_region_memory
    startup.o(HEAP) refers (Special) to heapauxi.o(.text) for __use_two_region_memory
    startup.o(RESET) refers (Special) to heapauxi.o(.text) for __use_two_region_memory
    startup.o(RESET) refers to startup.o(STACK) for StackMem
    startup.o(RESET) refers to spaceinvaders.o(i.SysTick_Handler) for SysTick_Handler
    startup.o(RESET) refers to timer0.o(i.Timer0A_Handler) for Timer0A_Handler
    startup.o(RESET) refers to timer1.o(i.Timer1A_Handler) for Timer1A_Handler
    startup.o(RESET) refers to __main.o(!!!main) for __main
    startup.o(.text) refers (Special) to heapauxi.o(.text) for __use_two_region_memory
    startup.o(.text) refers to startup.o(HEAP) for HeapMem
    startup.o(.text) refers to startup.o(STACK) for StackMem
    random.o(.text) refers to random.o(DATA) for M
    timer0.o(i.Timer0A_Handler) refers to timer0.o(.data) for PeriodicTask0
    timer0.o(i.Timer0_Init) refers to timer0.o(.data) for PeriodicTask0
    timer1.o(i.Timer1A_Handler) refers to timer1.o(.data) for PeriodicTask1
    timer1.o(i.Timer1_Init) refers to timer1.o(.data) for PeriodicTask1
    sound.o(i.Sound_Shoot) refers to sound.o(i.Sound_Play) for Sound_Play
    sound.o(i.Sound_Shoot) refers to sound.o(.constdata) for shoot
    print.o(.text) refers (Special) to st7735.o(i.ST7735_OutString) for ST7735_OutString
    print.o(.text) refers to st7735.o(i.ST7735_OutChar) for ST7735_OutChar
    spaceinvaders.o(i.AlienReset) refers to st7735.o(i.ST7735_FillScreen) for ST7735_FillScreen
    spaceinvaders.o(i.AlienReset) refers to st7735.o(i.ST7735_SetCursor) for ST7735_SetCursor
    spaceinvaders.o(i.AlienReset) refers to st7735.o(i.ST7735_OutString) for ST7735_OutString
    spaceinvaders.o(i.AlienReset) refers to print.o(.text) for LCD_OutDec
    spaceinvaders.o(i.AlienReset) refers to spaceinvaders.o(.data) for lives
    spaceinvaders.o(i.NextLevel) refers to st7735.o(i.ST7735_FillScreen) for ST7735_FillScreen
    spaceinvaders.o(i.NextLevel) refers to st7735.o(i.ST7735_SetCursor) for ST7735_SetCursor
    spaceinvaders.o(i.NextLevel) refers to st7735.o(i.ST7735_OutString) for ST7735_OutString
    spaceinvaders.o(i.NextLevel) refers to spaceinvaders.o(i.Delay100ms) for Delay100ms
    spaceinvaders.o(i.NextLevel) refers to dflt_clz.o(x$fpl$dfltu) for __aeabi_ui2d
    spaceinvaders.o(i.NextLevel) refers to ddiv.o(x$fpl$ddiv) for __aeabi_ddiv
    spaceinvaders.o(i.NextLevel) refers to dfixu.o(x$fpl$dfixu) for __aeabi_d2uiz
    spaceinvaders.o(i.NextLevel) refers to spaceinvaders.o(.data) for k
    spaceinvaders.o(i.PlayerShoot) refers to adc.o(i.ADC_In) for ADC_In
    spaceinvaders.o(i.PlayerShoot) refers to st7735.o(i.ST7735_DrawBitmap) for ST7735_DrawBitmap
    spaceinvaders.o(i.PlayerShoot) refers to st7735.o(i.ST7735_Color565) for ST7735_Color565
    spaceinvaders.o(i.PlayerShoot) refers to st7735.o(i.ST7735_FillRect) for ST7735_FillRect
    spaceinvaders.o(i.PlayerShoot) refers to spaceinvaders.o(.data) for laserxPos
    spaceinvaders.o(i.PlayerShoot) refers to spaceinvaders.o(.constdata) for PlayerShip0
    spaceinvaders.o(i.SysTick_Handler) refers to st7735.o(i.ST7735_DrawBitmap) for ST7735_DrawBitmap
    spaceinvaders.o(i.SysTick_Handler) refers to spaceinvaders.o(i.NextLevel) for NextLevel
    spaceinvaders.o(i.SysTick_Handler) refers to spaceinvaders.o(.data) for k
    spaceinvaders.o(i.SysTick_Handler) refers to spaceinvaders.o(.constdata) for SmallEnemy20pointA
    spaceinvaders.o(i.main) refers to pll.o(i.PLL_Init) for PLL_Init
    spaceinvaders.o(i.main) refers to spaceinvaders.o(i.PortE_Init) for PortE_Init
    spaceinvaders.o(i.main) refers to random.o(.text) for Random_Init
    spaceinvaders.o(i.main) refers to st7735.o(i.Output_Init) for Output_Init
    spaceinvaders.o(i.main) refers to adc.o(i.ADC_Init) for ADC_Init
    spaceinvaders.o(i.main) refers to spaceinvaders.o(i.SysTick_Init) for SysTick_Init
    spaceinvaders.o(i.main) refers to timer0.o(i.Timer0_Init) for Timer0_Init
    spaceinvaders.o(i.main) refers to st7735.o(i.ST7735_FillScreen) for ST7735_FillScreen
    spaceinvaders.o(i.main) refers to adc.o(i.ADC_In) for ADC_In
    spaceinvaders.o(i.main) refers to st7735.o(i.ST7735_DrawBitmap) for ST7735_DrawBitmap
    spaceinvaders.o(i.main) refers to spaceinvaders.o(i.PlayerShoot) for PlayerShoot
    spaceinvaders.o(i.main) refers to spaceinvaders.o(.data) for shipPos
    spaceinvaders.o(i.main) refers to spaceinvaders.o(.constdata) for PlayerShip0
    st7735.o(i.Output_Clear) refers to st7735.o(i.ST7735_FillScreen) for ST7735_FillScreen
    st7735.o(i.Output_Color) refers to st7735.o(i.ST7735_SetTextColor) for ST7735_SetTextColor
    st7735.o(i.Output_Init) refers to st7735.o(i.ST7735_InitR) for ST7735_InitR
    st7735.o(i.Output_Init) refers to st7735.o(i.ST7735_FillScreen) for ST7735_FillScreen
    st7735.o(i.Output_Off) refers to st7735.o(i.Output_Clear) for Output_Clear
    st7735.o(i.Output_On) refers to st7735.o(i.Output_Init) for Output_Init
    st7735.o(i.ST7735_DrawBitmap) refers to st7735.o(i.setAddrWindow) for setAddrWindow
    st7735.o(i.ST7735_DrawBitmap) refers to lcd.o(.text) for writedata
    st7735.o(i.ST7735_DrawBitmap) refers to st7735.o(.data) for _width
    st7735.o(i.ST7735_DrawChar) refers to st7735.o(i.setAddrWindow) for setAddrWindow
    st7735.o(i.ST7735_DrawChar) refers to st7735.o(i.pushColor) for pushColor
    st7735.o(i.ST7735_DrawChar) refers to st7735.o(.data) for _width
    st7735.o(i.ST7735_DrawChar) refers to st7735.o(.constdata) for Font
    st7735.o(i.ST7735_DrawCharS) refers to st7735.o(i.ST7735_DrawPixel) for ST7735_DrawPixel
    st7735.o(i.ST7735_DrawCharS) refers to st7735.o(i.ST7735_FillRect) for ST7735_FillRect
    st7735.o(i.ST7735_DrawCharS) refers to st7735.o(.data) for _width
    st7735.o(i.ST7735_DrawCharS) refers to st7735.o(.constdata) for Font
    st7735.o(i.ST7735_DrawFastHLine) refers to st7735.o(i.setAddrWindow) for setAddrWindow
    st7735.o(i.ST7735_DrawFastHLine) refers to lcd.o(.text) for writedata
    st7735.o(i.ST7735_DrawFastHLine) refers to st7735.o(.data) for _width
    st7735.o(i.ST7735_DrawFastVLine) refers to st7735.o(i.setAddrWindow) for setAddrWindow
    st7735.o(i.ST7735_DrawFastVLine) refers to lcd.o(.text) for writedata
    st7735.o(i.ST7735_DrawFastVLine) refers to st7735.o(.data) for _width
    st7735.o(i.ST7735_DrawPixel) refers to st7735.o(i.setAddrWindow) for setAddrWindow
    st7735.o(i.ST7735_DrawPixel) refers to st7735.o(i.pushColor) for pushColor
    st7735.o(i.ST7735_DrawPixel) refers to st7735.o(.data) for _width
    st7735.o(i.ST7735_DrawString) refers to st7735.o(i.ST7735_DrawCharS) for ST7735_DrawCharS
    st7735.o(i.ST7735_FillRect) refers to st7735.o(i.setAddrWindow) for setAddrWindow
    st7735.o(i.ST7735_FillRect) refers to lcd.o(.text) for writedata
    st7735.o(i.ST7735_FillRect) refers to st7735.o(.data) for _width
    st7735.o(i.ST7735_FillScreen) refers to st7735.o(i.ST7735_FillRect) for ST7735_FillRect
    st7735.o(i.ST7735_FillScreen) refers to st7735.o(.data) for _height
    st7735.o(i.ST7735_InitB) refers to st7735.o(i.commonInit) for commonInit
    st7735.o(i.ST7735_InitB) refers to st7735.o(i.ST7735_SetCursor) for ST7735_SetCursor
    st7735.o(i.ST7735_InitB) refers to st7735.o(i.ST7735_FillScreen) for ST7735_FillScreen
    st7735.o(i.ST7735_InitB) refers to st7735.o(.constdata) for Bcmd
    st7735.o(i.ST7735_InitB) refers to st7735.o(.data) for StTextColor
    st7735.o(i.ST7735_InitR) refers to st7735.o(i.commonInit) for commonInit
    st7735.o(i.ST7735_InitR) refers to st7735.o(i.commandList) for commandList
    st7735.o(i.ST7735_InitR) refers to lcd.o(.text) for writecommand
    st7735.o(i.ST7735_InitR) refers to st7735.o(i.ST7735_SetCursor) for ST7735_SetCursor
    st7735.o(i.ST7735_InitR) refers to st7735.o(i.ST7735_FillScreen) for ST7735_FillScreen
    st7735.o(i.ST7735_InitR) refers to st7735.o(.constdata) for Rcmd1
    st7735.o(i.ST7735_InitR) refers to st7735.o(.data) for ColStart
    st7735.o(i.ST7735_InvertDisplay) refers to lcd.o(.text) for writecommand
    st7735.o(i.ST7735_OutChar) refers to st7735.o(i.ST7735_DrawString) for ST7735_DrawString
    st7735.o(i.ST7735_OutChar) refers to st7735.o(i.ST7735_DrawCharS) for ST7735_DrawCharS
    st7735.o(i.ST7735_OutChar) refers to st7735.o(.data) for StY
    st7735.o(i.ST7735_OutString) refers to st7735.o(i.ST7735_OutChar) for ST7735_OutChar
    st7735.o(i.ST7735_OutUDec) refers to st7735.o(i.fillmessage) for fillmessage
    st7735.o(i.ST7735_OutUDec) refers to st7735.o(i.ST7735_DrawString) for ST7735_DrawString
    st7735.o(i.ST7735_OutUDec) refers to st7735.o(i.ST7735_DrawCharS) for ST7735_DrawCharS
    st7735.o(i.ST7735_OutUDec) refers to st7735.o(.data) for Messageindex
    st7735.o(i.ST7735_OutUDec) refers to st7735.o(.bss) for Message
    st7735.o(i.ST7735_PlotBar) refers to st7735.o(i.ST7735_DrawFastVLine) for ST7735_DrawFastVLine
    st7735.o(i.ST7735_PlotBar) refers to st7735.o(.data) for Ymin
    st7735.o(i.ST7735_PlotClear) refers to st7735.o(i.ST7735_Color565) for ST7735_Color565
    st7735.o(i.ST7735_PlotClear) refers to st7735.o(i.ST7735_FillRect) for ST7735_FillRect
    st7735.o(i.ST7735_PlotClear) refers to st7735.o(.data) for Ymax
    st7735.o(i.ST7735_PlotLine) refers to st7735.o(i.ST7735_DrawPixel) for ST7735_DrawPixel
    st7735.o(i.ST7735_PlotLine) refers to st7735.o(.data) for Ymin
    st7735.o(i.ST7735_PlotNext) refers to st7735.o(.data) for X
    st7735.o(i.ST7735_PlotNextErase) refers to st7735.o(i.ST7735_Color565) for ST7735_Color565
    st7735.o(i.ST7735_PlotNextErase) refers to st7735.o(i.ST7735_DrawFastVLine) for ST7735_DrawFastVLine
    st7735.o(i.ST7735_PlotNextErase) refers to st7735.o(.data) for X
    st7735.o(i.ST7735_PlotPoint) refers to st7735.o(i.ST7735_DrawPixel) for ST7735_DrawPixel
    st7735.o(i.ST7735_PlotPoint) refers to st7735.o(.data) for Ymin
    st7735.o(i.ST7735_PlotPoints) refers to st7735.o(i.ST7735_DrawPixel) for ST7735_DrawPixel
    st7735.o(i.ST7735_PlotPoints) refers to st7735.o(.data) for Ymin
    st7735.o(i.ST7735_PlotdBfs) refers to st7735.o(i.ST7735_DrawFastVLine) for ST7735_DrawFastVLine
    st7735.o(i.ST7735_PlotdBfs) refers to st7735.o(.constdata) for dBfs
    st7735.o(i.ST7735_PlotdBfs) refers to st7735.o(.data) for X
    st7735.o(i.ST7735_SetCursor) refers to st7735.o(.data) for StX
    st7735.o(i.ST7735_SetRotation) refers to lcd.o(.text) for writecommand
    st7735.o(i.ST7735_SetRotation) refers to st7735.o(.data) for Rotation
    st7735.o(i.ST7735_SetTextColor) refers to st7735.o(.data) for StTextColor
    st7735.o(i.commandList) refers to lcd.o(.text) for writecommand
    st7735.o(i.commandList) refers to st7735.o(i.Delay1ms) for Delay1ms
    st7735.o(i.commonInit) refers to st7735.o(i.Delay1ms) for Delay1ms
    st7735.o(i.commonInit) refers to st7735.o(i.commandList) for commandList
    st7735.o(i.commonInit) refers to st7735.o(.data) for RowStart
    st7735.o(i.fillmessage) refers to st7735.o(.bss) for Message
    st7735.o(i.fillmessage) refers to st7735.o(.data) for Messageindex
    st7735.o(i.fputc) refers to st7735.o(i.ST7735_OutChar) for ST7735_OutChar
    st7735.o(i.pushColor) refers to lcd.o(.text) for writedata
    st7735.o(i.setAddrWindow) refers to lcd.o(.text) for writecommand
    st7735.o(i.setAddrWindow) refers to st7735.o(.data) for ColStart
    __main.o(!!!main) refers to __rtentry.o(.ARM.Collect$$rtentry$$00000000) for __rt_entry
    ddiv.o(x$fpl$drdiv) refers (Special) to usenofp.o(x$fpl$usenofp) for __I$use$fp
    ddiv.o(x$fpl$drdiv) refers to ddiv.o(x$fpl$ddiv) for ddiv_entry
    ddiv.o(x$fpl$ddiv) refers (Special) to usenofp.o(x$fpl$usenofp) for __I$use$fp
    ddiv.o(x$fpl$ddiv) refers to dretinf.o(x$fpl$dretinf) for __fpl_dretinf
    ddiv.o(x$fpl$ddiv) refers to dnaninf.o(x$fpl$dnaninf) for __fpl_dnaninf
    dfixu.o(x$fpl$dfixu) refers (Special) to usenofp.o(x$fpl$usenofp) for __I$use$fp
    dfixu.o(x$fpl$dfixu) refers to dnaninf.o(x$fpl$dnaninf) for __fpl_dnaninf
    dfixu.o(x$fpl$dfixur) refers (Special) to usenofp.o(x$fpl$usenofp) for __I$use$fp
    dfixu.o(x$fpl$dfixur) refers to dnaninf.o(x$fpl$dnaninf) for __fpl_dnaninf
    dflt_clz.o(x$fpl$dfltu) refers (Special) to usenofp.o(x$fpl$usenofp) for __I$use$fp
    dflt_clz.o(x$fpl$dflt) refers (Special) to usenofp.o(x$fpl$usenofp) for __I$use$fp
    dflt_clz.o(x$fpl$dfltn) refers (Special) to usenofp.o(x$fpl$usenofp) for __I$use$fp
    __rtentry.o(.ARM.Collect$$rtentry$$00000000) refers (Special) to __rtentry2.o(.ARM.Collect$$rtentry$$0000000A) for __rt_entry_li
    __rtentry.o(.ARM.Collect$$rtentry$$00000000) refers (Special) to __rtentry2.o(.ARM.Collect$$rtentry$$0000000D) for __rt_entry_main
    __rtentry.o(.ARM.Collect$$rtentry$$00000000) refers (Special) to __rtentry2.o(.ARM.Collect$$rtentry$$0000000C) for __rt_entry_postli_1
    __rtentry.o(.ARM.Collect$$rtentry$$00000000) refers (Special) to __rtentry2.o(.ARM.Collect$$rtentry$$00000009) for __rt_entry_postsh_1
    __rtentry.o(.ARM.Collect$$rtentry$$00000000) refers (Special) to __rtentry2.o(.ARM.Collect$$rtentry$$00000002) for __rt_entry_presh_1
    __rtentry.o(.ARM.Collect$$rtentry$$00000000) refers (Special) to __rtentry4.o(.ARM.Collect$$rtentry$$00000004) for __rt_entry_sh
    dnaninf.o(x$fpl$dnaninf) refers (Special) to usenofp.o(x$fpl$usenofp) for __I$use$fp
    dretinf.o(x$fpl$dretinf) refers (Special) to usenofp.o(x$fpl$usenofp) for __I$use$fp
    __rtentry2.o(.ARM.Collect$$rtentry$$00000008) refers to boardinit2.o(.text) for _platform_post_stackheap_init
    __rtentry2.o(.ARM.Collect$$rtentry$$0000000A) refers to libinit.o(.ARM.Collect$$libinit$$00000000) for __rt_lib_init
    __rtentry2.o(.ARM.Collect$$rtentry$$0000000B) refers to boardinit3.o(.text) for _platform_post_lib_init
    __rtentry2.o(.ARM.Collect$$rtentry$$0000000D) refers to spaceinvaders.o(i.main) for main
    __rtentry2.o(.ARM.Collect$$rtentry$$0000000D) refers to exit.o(.text) for exit
    __rtentry2.o(.ARM.exidx) refers to __rtentry2.o(.ARM.Collect$$rtentry$$00000001) for .ARM.Collect$$rtentry$$00000001
    __rtentry2.o(.ARM.exidx) refers to __rtentry2.o(.ARM.Collect$$rtentry$$00000008) for .ARM.Collect$$rtentry$$00000008
    __rtentry2.o(.ARM.exidx) refers to __rtentry2.o(.ARM.Collect$$rtentry$$0000000A) for .ARM.Collect$$rtentry$$0000000A
    __rtentry2.o(.ARM.exidx) refers to __rtentry2.o(.ARM.Collect$$rtentry$$0000000B) for .ARM.Collect$$rtentry$$0000000B
    __rtentry2.o(.ARM.exidx) refers to __rtentry2.o(.ARM.Collect$$rtentry$$0000000D) for .ARM.Collect$$rtentry$$0000000D
    __rtentry4.o(.ARM.Collect$$rtentry$$00000004) refers to sys_stackheap_outer.o(.text) for __user_setup_stackheap
    __rtentry4.o(.ARM.exidx) refers to __rtentry4.o(.ARM.Collect$$rtentry$$00000004) for .ARM.Collect$$rtentry$$00000004
    sys_stackheap_outer.o(.text) refers to libspace.o(.text) for __user_perproc_libspace
    sys_stackheap_outer.o(.text) refers to startup.o(.text) for __user_initial_stackheap
    exit.o(.text) refers to rtexit.o(.ARM.Collect$$rtexit$$00000000) for __rt_exit
    libinit.o(.ARM.Collect$$libinit$$00000000) refers (Special) to libinit2.o(.ARM.Collect$$libinit$$0000002E) for __rt_lib_init_alloca_1
    libinit.o(.ARM.Collect$$libinit$$00000000) refers (Special) to libinit2.o(.ARM.Collect$$libinit$$0000002C) for __rt_lib_init_argv_1
    libinit.o(.ARM.Collect$$libinit$$00000000) refers (Special) to libinit2.o(.ARM.Collect$$libinit$$0000001B) for __rt_lib_init_atexit_1
    libinit.o(.ARM.Collect$$libinit$$00000000) refers (Special) to libinit2.o(.ARM.Collect$$libinit$$00000021) for __rt_lib_init_clock_1
    libinit.o(.ARM.Collect$$libinit$$00000000) refers (Special) to libinit2.o(.ARM.Collect$$libinit$$00000032) for __rt_lib_init_cpp_1
    libinit.o(.ARM.Collect$$libinit$$00000000) refers (Special) to libinit2.o(.ARM.Collect$$libinit$$00000030) for __rt_lib_init_exceptions_1
    libinit.o(.ARM.Collect$$libinit$$00000000) refers (Special) to libinit2.o(.ARM.Collect$$libinit$$00000002) for __rt_lib_init_fp_1
    libinit.o(.ARM.Collect$$libinit$$00000000) refers (Special) to libinit2.o(.ARM.Collect$$libinit$$0000001F) for __rt_lib_init_fp_trap_1
    libinit.o(.ARM.Collect$$libinit$$00000000) refers (Special) to libinit2.o(.ARM.Collect$$libinit$$00000023) for __rt_lib_init_getenv_1
    libinit.o(.ARM.Collect$$libinit$$00000000) refers (Special) to libinit2.o(.ARM.Collect$$libinit$$0000000A) for __rt_lib_init_heap_1
    libinit.o(.ARM.Collect$$libinit$$00000000) refers (Special) to libinit2.o(.ARM.Collect$$libinit$$00000011) for __rt_lib_init_lc_collate_1
    libinit.o(.ARM.Collect$$libinit$$00000000) refers (Special) to libinit2.o(.ARM.Collect$$libinit$$00000013) for __rt_lib_init_lc_ctype_1
    libinit.o(.ARM.Collect$$libinit$$00000000) refers (Special) to libinit2.o(.ARM.Collect$$libinit$$00000015) for __rt_lib_init_lc_monetary_1
    libinit.o(.ARM.Collect$$libinit$$00000000) refers (Special) to libinit2.o(.ARM.Collect$$libinit$$00000017) for __rt_lib_init_lc_numeric_1
    libinit.o(.ARM.Collect$$libinit$$00000000) refers (Special) to libinit2.o(.ARM.Collect$$libinit$$00000019) for __rt_lib_init_lc_time_1
    libinit.o(.ARM.Collect$$libinit$$00000000) refers (Special) to libinit2.o(.ARM.Collect$$libinit$$00000004) for __rt_lib_init_preinit_1
    libinit.o(.ARM.Collect$$libinit$$00000000) refers (Special) to libinit2.o(.ARM.Collect$$libinit$$0000000E) for __rt_lib_init_rand_1
    libinit.o(.ARM.Collect$$libinit$$00000000) refers (Special) to libinit2.o(.ARM.Collect$$libinit$$00000033) for __rt_lib_init_return
    libinit.o(.ARM.Collect$$libinit$$00000000) refers (Special) to libinit2.o(.ARM.Collect$$libinit$$0000001D) for __rt_lib_init_signal_1
    libinit.o(.ARM.Collect$$libinit$$00000000) refers (Special) to libinit2.o(.ARM.Collect$$libinit$$00000025) for __rt_lib_init_stdio_1
    libinit.o(.ARM.Collect$$libinit$$00000000) refers (Special) to libinit2.o(.ARM.Collect$$libinit$$0000000C) for __rt_lib_init_user_alloc_1
    libspace.o(.text) refers to libspace.o(.bss) for __libspace_start
    rtexit.o(.ARM.Collect$$rtexit$$00000000) refers (Special) to rtexit2.o(.ARM.Collect$$rtexit$$00000004) for __rt_exit_exit
    rtexit.o(.ARM.Collect$$rtexit$$00000000) refers (Special) to rtexit2.o(.ARM.Collect$$rtexit$$00000003) for __rt_exit_ls
    rtexit.o(.ARM.Collect$$rtexit$$00000000) refers (Special) to rtexit2.o(.ARM.Collect$$rtexit$$00000002) for __rt_exit_prels_1
    rtexit.o(.ARM.exidx) refers (Special) to rtexit2.o(.ARM.Collect$$rtexit$$00000004) for __rt_exit_exit
    rtexit.o(.ARM.exidx) refers (Special) to rtexit2.o(.ARM.Collect$$rtexit$$00000003) for __rt_exit_ls
    rtexit.o(.ARM.exidx) refers (Special) to rtexit2.o(.ARM.Collect$$rtexit$$00000002) for __rt_exit_prels_1
    rtexit.o(.ARM.exidx) refers to rtexit.o(.ARM.Collect$$rtexit$$00000000) for .ARM.Collect$$rtexit$$00000000
    libinit2.o(.ARM.Collect$$libinit$$00000010) refers to libinit2.o(.ARM.Collect$$libinit$$0000000F) for .ARM.Collect$$libinit$$0000000F
    libinit2.o(.ARM.Collect$$libinit$$00000012) refers to libinit2.o(.ARM.Collect$$libinit$$0000000F) for .ARM.Collect$$libinit$$0000000F
    libinit2.o(.ARM.Collect$$libinit$$00000014) refers to libinit2.o(.ARM.Collect$$libinit$$0000000F) for .ARM.Collect$$libinit$$0000000F
    libinit2.o(.ARM.Collect$$libinit$$00000016) refers to libinit2.o(.ARM.Collect$$libinit$$0000000F) for .ARM.Collect$$libinit$$0000000F
    libinit2.o(.ARM.Collect$$libinit$$00000018) refers to libinit2.o(.ARM.Collect$$libinit$$0000000F) for .ARM.Collect$$libinit$$0000000F
    libinit2.o(.ARM.Collect$$libinit$$00000026) refers to argv_veneer.o(.emb_text) for __ARM_argv_veneer
    libinit2.o(.ARM.Collect$$libinit$$00000027) refers to argv_veneer.o(.emb_text) for __ARM_argv_veneer
    rtexit2.o(.ARM.Collect$$rtexit$$00000003) refers to libshutdown.o(.ARM.Collect$$libshutdown$$00000000) for __rt_lib_shutdown
    rtexit2.o(.ARM.Collect$$rtexit$$00000004) refers to sys_exit.o(.text) for _sys_exit
    rtexit2.o(.ARM.exidx) refers to rtexit2.o(.ARM.Collect$$rtexit$$00000001) for .ARM.Collect$$rtexit$$00000001
    rtexit2.o(.ARM.exidx) refers to rtexit2.o(.ARM.Collect$$rtexit$$00000003) for .ARM.Collect$$rtexit$$00000003
    rtexit2.o(.ARM.exidx) refers to rtexit2.o(.ARM.Collect$$rtexit$$00000004) for .ARM.Collect$$rtexit$$00000004
    argv_veneer.o(.emb_text) refers to no_argv.o(.text) for __ARM_get_argv
    sys_exit.o(.text) refers (Special) to use_no_semi.o(.text) for __I$use$semihosting
    sys_exit.o(.text) refers (Special) to indicate_semi.o(.text) for __semihosting_library_function
    _get_argv_nomalloc.o(.text) refers (Special) to hrguard.o(.text) for __heap_region$guard
    _get_argv_nomalloc.o(.text) refers to defsig_rtmem_outer.o(.text) for __rt_SIGRTMEM
    _get_argv_nomalloc.o(.text) refers to sys_command.o(.text) for _sys_command_string
    libshutdown.o(.ARM.Collect$$libshutdown$$00000000) refers (Special) to libshutdown2.o(.ARM.Collect$$libshutdown$$00000002) for __rt_lib_shutdown_cpp_1
    libshutdown.o(.ARM.Collect$$libshutdown$$00000000) refers (Special) to libshutdown2.o(.ARM.Collect$$libshutdown$$00000007) for __rt_lib_shutdown_fp_trap_1
    libshutdown.o(.ARM.Collect$$libshutdown$$00000000) refers (Special) to libshutdown2.o(.ARM.Collect$$libshutdown$$0000000F) for __rt_lib_shutdown_heap_1
    libshutdown.o(.ARM.Collect$$libshutdown$$00000000) refers (Special) to libshutdown2.o(.ARM.Collect$$libshutdown$$00000010) for __rt_lib_shutdown_return
    libshutdown.o(.ARM.Collect$$libshutdown$$00000000) refers (Special) to libshutdown2.o(.ARM.Collect$$libshutdown$$0000000A) for __rt_lib_shutdown_signal_1
    libshutdown.o(.ARM.Collect$$libshutdown$$00000000) refers (Special) to libshutdown2.o(.ARM.Collect$$libshutdown$$00000004) for __rt_lib_shutdown_stdio_1
    libshutdown.o(.ARM.Collect$$libshutdown$$00000000) refers (Special) to libshutdown2.o(.ARM.Collect$$libshutdown$$0000000C) for __rt_lib_shutdown_user_alloc_1
    sys_command.o(.text) refers (Special) to use_no_semi.o(.text) for __I$use$semihosting
    sys_command.o(.text) refers (Special) to indicate_semi.o(.text) for __semihosting_library_function
    defsig_rtmem_outer.o(.text) refers to defsig_rtmem_inner.o(.text) for __rt_SIGRTMEM_inner
    defsig_rtmem_outer.o(.text) refers to defsig_exit.o(.text) for __sig_exit
    defsig_rtmem_formal.o(.text) refers to rt_raise.o(.text) for __rt_raise
    rt_raise.o(.text) refers to __raise.o(.text) for __raise
    rt_raise.o(.text) refers to sys_exit.o(.text) for _sys_exit
    defsig_exit.o(.text) refers to sys_exit.o(.text) for _sys_exit
    defsig_rtmem_inner.o(.text) refers to defsig_general.o(.text) for __default_signal_display
    __raise.o(.text) refers to defsig.o(CL$$defsig) for __default_signal_handler
    defsig_general.o(.text) refers to sys_wrch.o(.text) for _ttywrch
    sys_wrch.o(.text) refers (Special) to use_no_semi.o(.text) for __I$use$semihosting
    sys_wrch.o(.text) refers (Special) to indicate_semi.o(.text) for __semihosting_library_function
    defsig.o(CL$$defsig) refers to defsig_rtmem_inner.o(.text) for __rt_SIGRTMEM_inner
    defsig_abrt_inner.o(.text) refers to defsig_general.o(.text) for __default_signal_display
    defsig_fpe_inner.o(.text) refers to defsig_general.o(.text) for __default_signal_display
    defsig_rtred_inner.o(.text) refers to defsig_general.o(.text) for __default_signal_display
    defsig_stak_inner.o(.text) refers to defsig_general.o(.text) for __default_signal_display
    defsig_pvfn_inner.o(.text) refers to defsig_general.o(.text) for __default_signal_display
    defsig_cppl_inner.o(.text) refers to defsig_general.o(.text) for __default_signal_display
    defsig_segv_inner.o(.text) refers to defsig_general.o(.text) for __default_signal_display
    defsig_other.o(.text) refers to defsig_general.o(.text) for __default_signal_display


==============================================================================

Removing Unused input sections from the image.

    Removing dac.o(i.DAC_Init), (56 bytes).
    Removing dac.o(i.DAC_Out), (28 bytes).
    Removing timer1.o(i.Timer1_Init), (96 bytes).
    Removing sound.o(i.Sound_Explosion), (2 bytes).
    Removing sound.o(i.Sound_Fastinvader1), (2 bytes).
    Removing sound.o(i.Sound_Fastinvader2), (2 bytes).
    Removing sound.o(i.Sound_Fastinvader3), (2 bytes).
    Removing sound.o(i.Sound_Fastinvader4), (2 bytes).
    Removing sound.o(i.Sound_Highpitch), (2 bytes).
    Removing sound.o(i.Sound_Init), (2 bytes).
    Removing sound.o(i.Sound_Killed), (2 bytes).
    Removing sound.o(i.Sound_Play), (2 bytes).
    Removing sound.o(i.Sound_Shoot), (20 bytes).
    Removing sound.o(.constdata), (15435 bytes).
    Removing print.o(.text), (520 bytes).
    Removing spaceinvaders.o(i.AlienReset), (264 bytes).
    Removing st7735.o(i.Output_Clear), (10 bytes).
    Removing st7735.o(i.Output_Color), (12 bytes).
    Removing st7735.o(i.Output_Off), (8 bytes).
    Removing st7735.o(i.Output_On), (8 bytes).
    Removing st7735.o(i.ST7735_DrawChar), (272 bytes).
    Removing st7735.o(i.ST7735_DrawFastHLine), (124 bytes).
    Removing st7735.o(i.ST7735_DrawFastVLine), (124 bytes).
    Removing st7735.o(i.ST7735_InitB), (40 bytes).
    Removing st7735.o(i.ST7735_InvertDisplay), (22 bytes).
    Removing st7735.o(i.ST7735_OutUDec), (140 bytes).
    Removing st7735.o(i.ST7735_PlotBar), (88 bytes).
    Removing st7735.o(i.ST7735_PlotClear), (92 bytes).
    Removing st7735.o(i.ST7735_PlotLine), (264 bytes).
    Removing st7735.o(i.ST7735_PlotNext), (32 bytes).
    Removing st7735.o(i.ST7735_PlotNextErase), (64 bytes).
    Removing st7735.o(i.ST7735_PlotPoint), (152 bytes).
    Removing st7735.o(i.ST7735_PlotPoints), (172 bytes).
    Removing st7735.o(i.ST7735_PlotdBfs), (60 bytes).
    Removing st7735.o(i.ST7735_SetRotation), (212 bytes).
    Removing st7735.o(i.ST7735_SetTextColor), (12 bytes).
    Removing st7735.o(i.ST7735_SwapColor), (18 bytes).
    Removing st7735.o(i.ferror), (8 bytes).
    Removing st7735.o(i.fgetc), (6 bytes).
    Removing st7735.o(i.fillmessage), (72 bytes).
    Removing st7735.o(i.fputc), (16 bytes).
    Removing st7735.o(.bss), (12 bytes).

42 unused section(s) (total 18477 bytes) removed from the image.

==============================================================================

Image Symbol Table

    Local Symbols

    Symbol Name                              Value     Ov Type        Size  Object(Section)

    RESET                                    0x00000000   Section      644  startup.o(RESET)
    ../clib/angel/boardlib.s                 0x00000000   Number         0  boardshut.o ABSOLUTE
    ../clib/angel/boardlib.s                 0x00000000   Number         0  boardinit3.o ABSOLUTE
    ../clib/angel/boardlib.s                 0x00000000   Number         0  boardinit2.o ABSOLUTE
    ../clib/angel/boardlib.s                 0x00000000   Number         0  boardinit1.o ABSOLUTE
    ../clib/angel/handlers.s                 0x00000000   Number         0  __scatter_copy.o ABSOLUTE
    ../clib/angel/handlers.s                 0x00000000   Number         0  __scatter_zi.o ABSOLUTE
    ../clib/angel/kernel.s                   0x00000000   Number         0  rtexit.o ABSOLUTE
    ../clib/angel/kernel.s                   0x00000000   Number         0  __rtentry2.o ABSOLUTE
    ../clib/angel/kernel.s                   0x00000000   Number         0  rtexit2.o ABSOLUTE
    ../clib/angel/kernel.s                   0x00000000   Number         0  __rtentry4.o ABSOLUTE
    ../clib/angel/kernel.s                   0x00000000   Number         0  __rtentry.o ABSOLUTE
    ../clib/angel/rt.s                       0x00000000   Number         0  rt_raise.o ABSOLUTE
    ../clib/angel/scatter.s                  0x00000000   Number         0  __scatter.o ABSOLUTE
    ../clib/angel/startup.s                  0x00000000   Number         0  __main.o ABSOLUTE
    ../clib/angel/sys.s                      0x00000000   Number         0  sys_stackheap_outer.o ABSOLUTE
    ../clib/angel/sys.s                      0x00000000   Number         0  libspace.o ABSOLUTE
    ../clib/angel/sys.s                      0x00000000   Number         0  use_no_semi.o ABSOLUTE
    ../clib/angel/sys.s                      0x00000000   Number         0  indicate_semi.o ABSOLUTE
    ../clib/angel/sysapp.c                   0x00000000   Number         0  sys_wrch.o ABSOLUTE
    ../clib/angel/sysapp.c                   0x00000000   Number         0  sys_exit.o ABSOLUTE
    ../clib/angel/sysapp.c                   0x00000000   Number         0  sys_command.o ABSOLUTE
    ../clib/armsys.c                         0x00000000   Number         0  argv_veneer.o ABSOLUTE
    ../clib/armsys.c                         0x00000000   Number         0  argv_veneer.o ABSOLUTE
    ../clib/armsys.c                         0x00000000   Number         0  _get_argv_nomalloc.o ABSOLUTE
    ../clib/armsys.c                         0x00000000   Number         0  no_argv.o ABSOLUTE
    ../clib/heapalloc.c                      0x00000000   Number         0  hrguard.o ABSOLUTE
    ../clib/heapaux.c                        0x00000000   Number         0  heapauxi.o ABSOLUTE
    ../clib/libinit.s                        0x00000000   Number         0  libinit.o ABSOLUTE
    ../clib/libinit.s                        0x00000000   Number         0  libinit2.o ABSOLUTE
    ../clib/libinit.s                        0x00000000   Number         0  libshutdown2.o ABSOLUTE
    ../clib/libinit.s                        0x00000000   Number         0  libshutdown.o ABSOLUTE
    ../clib/signal.c                         0x00000000   Number         0  __raise.o ABSOLUTE
    ../clib/signal.c                         0x00000000   Number         0  defsig_pvfn_inner.o ABSOLUTE
    ../clib/signal.c                         0x00000000   Number         0  defsig_rtmem_outer.o ABSOLUTE
    ../clib/signal.c                         0x00000000   Number         0  defsig_rtmem_formal.o ABSOLUTE
    ../clib/signal.c                         0x00000000   Number         0  defsig_exit.o ABSOLUTE
    ../clib/signal.c                         0x00000000   Number         0  defsig_other.o ABSOLUTE
    ../clib/signal.c                         0x00000000   Number         0  defsig_segv_inner.o ABSOLUTE
    ../clib/signal.c                         0x00000000   Number         0  defsig_cppl_inner.o ABSOLUTE
    ../clib/signal.c                         0x00000000   Number         0  defsig_rtmem_inner.o ABSOLUTE
    ../clib/signal.c                         0x00000000   Number         0  defsig_stak_inner.o ABSOLUTE
    ../clib/signal.c                         0x00000000   Number         0  defsig_rtred_inner.o ABSOLUTE
    ../clib/signal.c                         0x00000000   Number         0  defsig_fpe_inner.o ABSOLUTE
    ../clib/signal.c                         0x00000000   Number         0  defsig_abrt_inner.o ABSOLUTE
    ../clib/signal.c                         0x00000000   Number         0  defsig_general.o ABSOLUTE
    ../clib/signal.s                         0x00000000   Number         0  defsig.o ABSOLUTE
    ../clib/stdlib.c                         0x00000000   Number         0  exit.o ABSOLUTE
    ../fplib/ddiv.s                          0x00000000   Number         0  ddiv.o ABSOLUTE
    ../fplib/dfixu.s                         0x00000000   Number         0  dfixu.o ABSOLUTE
    ../fplib/dflt.s                          0x00000000   Number         0  dflt_clz.o ABSOLUTE
    ../fplib/dnaninf.s                       0x00000000   Number         0  dnaninf.o ABSOLUTE
    ../fplib/dretinf.s                       0x00000000   Number         0  dretinf.o ABSOLUTE
    ../fplib/fpinit.s                        0x00000000   Number         0  fpinit.o ABSOLUTE
    ../fplib/usenofp.s                       0x00000000   Number         0  usenofp.o ABSOLUTE
    ADC.c                                    0x00000000   Number         0  adc.o ABSOLUTE
    DAC.c                                    0x00000000   Number         0  dac.o ABSOLUTE
    LCD.s                                    0x00000000   Number         0  lcd.o ABSOLUTE
    PLL.c                                    0x00000000   Number         0  pll.o ABSOLUTE
    Print.s                                  0x00000000   Number         0  print.o ABSOLUTE
    ST7735.c                                 0x00000000   Number         0  st7735.o ABSOLUTE
    Sound.c                                  0x00000000   Number         0  sound.o ABSOLUTE
    SpaceInvaders.c                          0x00000000   Number         0  spaceinvaders.o ABSOLUTE
    Timer0.c                                 0x00000000   Number         0  timer0.o ABSOLUTE
    Timer1.c                                 0x00000000   Number         0  timer1.o ABSOLUTE
    dc.s                                     0x00000000   Number         0  dc.o ABSOLUTE
    random.s                                 0x00000000   Number         0  random.o ABSOLUTE
    startup.s                                0x00000000   Number         0  startup.o ABSOLUTE
    !!!main                                  0x00000284   Section        8  __main.o(!!!main)
    !!!scatter                               0x0000028c   Section       52  __scatter.o(!!!scatter)
    !!handler_copy                           0x000002c0   Section       26  __scatter_copy.o(!!handler_copy)
    !!handler_zi                             0x000002dc   Section       28  __scatter_zi.o(!!handler_zi)
    .ARM.Collect$$libinit$$00000000          0x000002f8   Section        2  libinit.o(.ARM.Collect$$libinit$$00000000)
    .ARM.Collect$$libinit$$00000002          0x000002fa   Section        0  libinit2.o(.ARM.Collect$$libinit$$00000002)
    .ARM.Collect$$libinit$$00000004          0x000002fa   Section        0  libinit2.o(.ARM.Collect$$libinit$$00000004)
    .ARM.Collect$$libinit$$0000000A          0x000002fa   Section        0  libinit2.o(.ARM.Collect$$libinit$$0000000A)
    .ARM.Collect$$libinit$$0000000C          0x000002fa   Section        0  libinit2.o(.ARM.Collect$$libinit$$0000000C)
    .ARM.Collect$$libinit$$0000000E          0x000002fa   Section        0  libinit2.o(.ARM.Collect$$libinit$$0000000E)
    .ARM.Collect$$libinit$$00000011          0x000002fa   Section        0  libinit2.o(.ARM.Collect$$libinit$$00000011)
    .ARM.Collect$$libinit$$00000013          0x000002fa   Section        0  libinit2.o(.ARM.Collect$$libinit$$00000013)
    .ARM.Collect$$libinit$$00000015          0x000002fa   Section        0  libinit2.o(.ARM.Collect$$libinit$$00000015)
    .ARM.Collect$$libinit$$00000017          0x000002fa   Section        0  libinit2.o(.ARM.Collect$$libinit$$00000017)
    .ARM.Collect$$libinit$$00000019          0x000002fa   Section        0  libinit2.o(.ARM.Collect$$libinit$$00000019)
    .ARM.Collect$$libinit$$0000001B          0x000002fa   Section        0  libinit2.o(.ARM.Collect$$libinit$$0000001B)
    .ARM.Collect$$libinit$$0000001D          0x000002fa   Section        0  libinit2.o(.ARM.Collect$$libinit$$0000001D)
    .ARM.Collect$$libinit$$0000001F          0x000002fa   Section        0  libinit2.o(.ARM.Collect$$libinit$$0000001F)
    .ARM.Collect$$libinit$$00000021          0x000002fa   Section        0  libinit2.o(.ARM.Collect$$libinit$$00000021)
    .ARM.Collect$$libinit$$00000023          0x000002fa   Section        0  libinit2.o(.ARM.Collect$$libinit$$00000023)
    .ARM.Collect$$libinit$$00000025          0x000002fa   Section        0  libinit2.o(.ARM.Collect$$libinit$$00000025)
    .ARM.Collect$$libinit$$0000002C          0x000002fa   Section        0  libinit2.o(.ARM.Collect$$libinit$$0000002C)
    .ARM.Collect$$libinit$$0000002E          0x000002fa   Section        0  libinit2.o(.ARM.Collect$$libinit$$0000002E)
    .ARM.Collect$$libinit$$00000030          0x000002fa   Section        0  libinit2.o(.ARM.Collect$$libinit$$00000030)
    .ARM.Collect$$libinit$$00000032          0x000002fa   Section        0  libinit2.o(.ARM.Collect$$libinit$$00000032)
    .ARM.Collect$$libinit$$00000033          0x000002fa   Section        2  libinit2.o(.ARM.Collect$$libinit$$00000033)
    .ARM.Collect$$libshutdown$$00000000      0x000002fc   Section        2  libshutdown.o(.ARM.Collect$$libshutdown$$00000000)
    .ARM.Collect$$libshutdown$$00000002      0x000002fe   Section        0  libshutdown2.o(.ARM.Collect$$libshutdown$$00000002)
    .ARM.Collect$$libshutdown$$00000004      0x000002fe   Section        0  libshutdown2.o(.ARM.Collect$$libshutdown$$00000004)
    .ARM.Collect$$libshutdown$$00000007      0x000002fe   Section        0  libshutdown2.o(.ARM.Collect$$libshutdown$$00000007)
    .ARM.Collect$$libshutdown$$0000000A      0x000002fe   Section        0  libshutdown2.o(.ARM.Collect$$libshutdown$$0000000A)
    .ARM.Collect$$libshutdown$$0000000C      0x000002fe   Section        0  libshutdown2.o(.ARM.Collect$$libshutdown$$0000000C)
    .ARM.Collect$$libshutdown$$0000000F      0x000002fe   Section        0  libshutdown2.o(.ARM.Collect$$libshutdown$$0000000F)
    .ARM.Collect$$libshutdown$$00000010      0x000002fe   Section        2  libshutdown2.o(.ARM.Collect$$libshutdown$$00000010)
    .ARM.Collect$$rtentry$$00000000          0x00000300   Section        0  __rtentry.o(.ARM.Collect$$rtentry$$00000000)
    .ARM.Collect$$rtentry$$00000002          0x00000300   Section        0  __rtentry2.o(.ARM.Collect$$rtentry$$00000002)
    .ARM.Collect$$rtentry$$00000004          0x00000300   Section        6  __rtentry4.o(.ARM.Collect$$rtentry$$00000004)
    .ARM.Collect$$rtentry$$00000009          0x00000306   Section        0  __rtentry2.o(.ARM.Collect$$rtentry$$00000009)
    .ARM.Collect$$rtentry$$0000000A          0x00000306   Section        4  __rtentry2.o(.ARM.Collect$$rtentry$$0000000A)
    .ARM.Collect$$rtentry$$0000000C          0x0000030a   Section        0  __rtentry2.o(.ARM.Collect$$rtentry$$0000000C)
    .ARM.Collect$$rtentry$$0000000D          0x0000030a   Section        8  __rtentry2.o(.ARM.Collect$$rtentry$$0000000D)
    .ARM.Collect$$rtexit$$00000000           0x00000312   Section        2  rtexit.o(.ARM.Collect$$rtexit$$00000000)
    .ARM.Collect$$rtexit$$00000002           0x00000314   Section        0  rtexit2.o(.ARM.Collect$$rtexit$$00000002)
    .ARM.Collect$$rtexit$$00000003           0x00000314   Section        4  rtexit2.o(.ARM.Collect$$rtexit$$00000003)
    .ARM.Collect$$rtexit$$00000004           0x00000318   Section        6  rtexit2.o(.ARM.Collect$$rtexit$$00000004)
    .text                                    0x00000320   Section       48  startup.o(.text)
    .text                                    0x00000350   Section       64  random.o(.text)
    .text                                    0x00000390   Section       80  lcd.o(.text)
    .text                                    0x000003e0   Section        0  heapauxi.o(.text)
    .text                                    0x000003e6   Section       74  sys_stackheap_outer.o(.text)
    .text                                    0x00000430   Section        0  exit.o(.text)
    .text                                    0x00000444   Section        8  libspace.o(.text)
    .text                                    0x0000044c   Section        0  sys_exit.o(.text)
    .text                                    0x00000458   Section        2  use_no_semi.o(.text)
    .text                                    0x0000045a   Section        0  indicate_semi.o(.text)
    i.ADC_In                                 0x0000045c   Section        0  adc.o(i.ADC_In)
    i.ADC_Init                               0x00000488   Section        0  adc.o(i.ADC_Init)
    i.Delay100ms                             0x00000578   Section        0  spaceinvaders.o(i.Delay100ms)
    i.Delay1ms                               0x0000059c   Section        0  st7735.o(i.Delay1ms)
    i.NextLevel                              0x000005bc   Section        0  spaceinvaders.o(i.NextLevel)
    i.Output_Init                            0x000006e8   Section        0  st7735.o(i.Output_Init)
    i.PLL_Init                               0x000006f8   Section        0  pll.o(i.PLL_Init)
    i.PlayerShoot                            0x00000774   Section        0  spaceinvaders.o(i.PlayerShoot)
    i.PortE_Init                             0x00000964   Section        0  spaceinvaders.o(i.PortE_Init)
    i.ST7735_Color565                        0x0000099c   Section        0  st7735.o(i.ST7735_Color565)
    i.ST7735_DrawBitmap                      0x000009b4   Section        0  st7735.o(i.ST7735_DrawBitmap)
    i.ST7735_DrawCharS                       0x00000aa4   Section        0  st7735.o(i.ST7735_DrawCharS)
    i.ST7735_DrawPixel                       0x00000b9c   Section        0  st7735.o(i.ST7735_DrawPixel)
    i.ST7735_DrawString                      0x00000be4   Section        0  st7735.o(i.ST7735_DrawString)
    i.ST7735_FillRect                        0x00000c3c   Section        0  st7735.o(i.ST7735_FillRect)
    i.ST7735_FillScreen                      0x00000ce8   Section        0  st7735.o(i.ST7735_FillScreen)
    i.ST7735_InitR                           0x00000d0c   Section        0  st7735.o(i.ST7735_InitR)
    i.ST7735_OutChar                         0x00000d88   Section        0  st7735.o(i.ST7735_OutChar)
    i.ST7735_OutString                       0x00000e5c   Section        0  st7735.o(i.ST7735_OutString)
    i.ST7735_SetCursor                       0x00000e74   Section        0  st7735.o(i.ST7735_SetCursor)
    i.SysTick_Handler                        0x00000e94   Section        0  spaceinvaders.o(i.SysTick_Handler)
    i.SysTick_Init                           0x00000fa8   Section        0  spaceinvaders.o(i.SysTick_Init)
    i.Timer0A_Handler                        0x00000fd8   Section        0  timer0.o(i.Timer0A_Handler)
    i.Timer0_Init                            0x00001000   Section        0  timer0.o(i.Timer0_Init)
    i.Timer1A_Handler                        0x00001060   Section        0  timer1.o(i.Timer1A_Handler)
    i.commandList                            0x00001078   Section        0  st7735.o(i.commandList)
    commandList                              0x00001079   Thumb Code    86  st7735.o(i.commandList)
    i.commonInit                             0x000010d0   Section        0  st7735.o(i.commonInit)
    commonInit                               0x000010d1   Thumb Code   342  st7735.o(i.commonInit)
    i.main                                   0x00001258   Section        0  spaceinvaders.o(i.main)
    i.pushColor                              0x000012ec   Section        0  st7735.o(i.pushColor)
    pushColor                                0x000012ed   Thumb Code    18  st7735.o(i.pushColor)
    i.setAddrWindow                          0x00001300   Section        0  st7735.o(i.setAddrWindow)
    setAddrWindow                            0x00001301   Thumb Code   106  st7735.o(i.setAddrWindow)
    x$fpl$ddiv                               0x00001374   Section      688  ddiv.o(x$fpl$ddiv)
    ddiv_entry                               0x0000137b   Thumb Code     0  ddiv.o(x$fpl$ddiv)
    x$fpl$dfixu                              0x00001624   Section       90  dfixu.o(x$fpl$dfixu)
    x$fpl$dfltu                              0x0000167e   Section       38  dflt_clz.o(x$fpl$dfltu)
    x$fpl$dnaninf                            0x000016a4   Section      156  dnaninf.o(x$fpl$dnaninf)
    x$fpl$dretinf                            0x00001740   Section       12  dretinf.o(x$fpl$dretinf)
    .constdata                               0x0000174c   Section     3252  spaceinvaders.o(.constdata)
    x$fpl$usenofp                            0x0000174c   Section        0  usenofp.o(x$fpl$usenofp)
    .constdata                               0x00002400   Section     2018  st7735.o(.constdata)
    Font                                     0x00002400   Data        1275  st7735.o(.constdata)
    Bcmd                                     0x000028fb   Data         103  st7735.o(.constdata)
    Rcmd1                                    0x00002962   Data          59  st7735.o(.constdata)
    Rcmd2green                               0x0000299d   Data          13  st7735.o(.constdata)
    Rcmd2red                                 0x000029aa   Data          13  st7735.o(.constdata)
    Rcmd3                                    0x000029b7   Data          43  st7735.o(.constdata)
    .data                                    0x20000000   Section        4  timer0.o(.data)
    .data                                    0x20000004   Section        4  timer1.o(.data)
    .data                                    0x20000008   Section       70  spaceinvaders.o(.data)
    .data                                    0x20000050   Section       44  st7735.o(.data)
    ColStart                                 0x2000005a   Data           1  st7735.o(.data)
    RowStart                                 0x2000005b   Data           1  st7735.o(.data)
    Rotation                                 0x2000005c   Data           1  st7735.o(.data)
    TabColor                                 0x2000005d   Data           1  st7735.o(.data)
    _width                                   0x2000005e   Data           2  st7735.o(.data)
    _height                                  0x20000060   Data           2  st7735.o(.data)
    DATA                                     0x2000007c   Section        4  random.o(DATA)
    M                                        0x2000007c   Data           4  random.o(DATA)
    .bss                                     0x20000080   Section       96  libspace.o(.bss)
    HEAP                                     0x200000e0   Section        0  startup.o(HEAP)
    STACK                                    0x200000e0   Section     1024  startup.o(STACK)
    HeapMem                                  0x200000e0   Data           0  startup.o(HEAP)
    StackMem                                 0x200000e0   Data           0  startup.o(STACK)

    Global Symbols

    Symbol Name                              Value     Ov Type        Size  Object(Section)

    BuildAttributes$$THM_ISAv4$E$P$D$K$B$S$7EM$PE$A:L22UL41UL21$X:L11$S22US41US21$IEEE1$IW$USESV6$~STKCKD$USESV7$~SHL$OSPACE$ROPI$EBA8$UX$STANDARDLIB$REQ8$PRES8$EABIv2 0x00000000   Number         0  anon$$obj.o ABSOLUTE
    __ARM_use_no_argv                        0x00000000   Number         0  spaceinvaders.o ABSOLUTE
    __Vectors                                0x00000000   Data           0  startup.o(RESET)
    __ARM_exceptions_init                     - Undefined Weak Reference
    __alloca_initialize                       - Undefined Weak Reference
    __arm_preinit_                            - Undefined Weak Reference
    __cpp_initialize__aeabi_                  - Undefined Weak Reference
    __cxa_finalize                            - Undefined Weak Reference
    __rt_locale                               - Undefined Weak Reference
    __sigvec_lookup                           - Undefined Weak Reference
    _atexit_init                              - Undefined Weak Reference
    _call_atexit_fns                          - Undefined Weak Reference
    _clock_init                               - Undefined Weak Reference
    _fp_trap_init                             - Undefined Weak Reference
    _fp_trap_shutdown                         - Undefined Weak Reference
    _get_lc_collate                           - Undefined Weak Reference
    _get_lc_ctype                             - Undefined Weak Reference
    _get_lc_monetary                          - Undefined Weak Reference
    _get_lc_numeric                           - Undefined Weak Reference
    _get_lc_time                              - Undefined Weak Reference
    _getenv_init                              - Undefined Weak Reference
    _handle_redirection                       - Undefined Weak Reference
    _init_alloc                               - Undefined Weak Reference
    _init_user_alloc                          - Undefined Weak Reference
    _initio                                   - Undefined Weak Reference
    _rand_init                                - Undefined Weak Reference
    _signal_finish                            - Undefined Weak Reference
    _signal_init                              - Undefined Weak Reference
    _terminate_alloc                          - Undefined Weak Reference
    _terminate_user_alloc                     - Undefined Weak Reference
    _terminateio                              - Undefined Weak Reference
    Reset_Handler                            0x0000026d   Thumb Code     0  startup.o(RESET)
    NMI_Handler                              0x00000271   Thumb Code     2  startup.o(RESET)
    HardFault_Handler                        0x00000273   Thumb Code     2  startup.o(RESET)
    MemManage_Handler                        0x00000275   Thumb Code     2  startup.o(RESET)
    BusFault_Handler                         0x00000277   Thumb Code     2  startup.o(RESET)
    UsageFault_Handler                       0x00000279   Thumb Code     2  startup.o(RESET)
    SVC_Handler                              0x0000027b   Thumb Code     2  startup.o(RESET)
    DebugMon_Handler                         0x0000027d   Thumb Code     2  startup.o(RESET)
    PendSV_Handler                           0x0000027f   Thumb Code     2  startup.o(RESET)
    ADC0Seq0_Handler                         0x00000283   Thumb Code     0  startup.o(RESET)
    ADC0Seq1_Handler                         0x00000283   Thumb Code     0  startup.o(RESET)
    ADC0Seq2_Handler                         0x00000283   Thumb Code     0  startup.o(RESET)
    ADC0Seq3_Handler                         0x00000283   Thumb Code     0  startup.o(RESET)
    ADC1Seq0_Handler                         0x00000283   Thumb Code     0  startup.o(RESET)
    ADC1Seq1_Handler                         0x00000283   Thumb Code     0  startup.o(RESET)
    ADC1Seq2_Handler                         0x00000283   Thumb Code     0  startup.o(RESET)
    ADC1Seq3_Handler                         0x00000283   Thumb Code     0  startup.o(RESET)
    CAN0_Handler                             0x00000283   Thumb Code     0  startup.o(RESET)
    CAN1_Handler                             0x00000283   Thumb Code     0  startup.o(RESET)
    CAN2_Handler                             0x00000283   Thumb Code     0  startup.o(RESET)
    Comp0_Handler                            0x00000283   Thumb Code     0  startup.o(RESET)
    Comp1_Handler                            0x00000283   Thumb Code     0  startup.o(RESET)
    Comp2_Handler                            0x00000283   Thumb Code     0  startup.o(RESET)
    Ethernet_Handler                         0x00000283   Thumb Code     0  startup.o(RESET)
    ExtBus_Handler                           0x00000283   Thumb Code     0  startup.o(RESET)
    FPU_Handler                              0x00000283   Thumb Code     0  startup.o(RESET)
    Fan0_Handler                             0x00000283   Thumb Code     0  startup.o(RESET)
    FlashCtl_Handler                         0x00000283   Thumb Code     0  startup.o(RESET)
    GPIOPortA_Handler                        0x00000283   Thumb Code     0  startup.o(RESET)
    GPIOPortB_Handler                        0x00000283   Thumb Code     0  startup.o(RESET)
    GPIOPortC_Handler                        0x00000283   Thumb Code     0  startup.o(RESET)
    GPIOPortD_Handler                        0x00000283   Thumb Code     0  startup.o(RESET)
    GPIOPortE_Handler                        0x00000283   Thumb Code     0  startup.o(RESET)
    GPIOPortF_Handler                        0x00000283   Thumb Code     0  startup.o(RESET)
    GPIOPortG_Handler                        0x00000283   Thumb Code     0  startup.o(RESET)
    GPIOPortH_Handler                        0x00000283   Thumb Code     0  startup.o(RESET)
    GPIOPortJ_Handler                        0x00000283   Thumb Code     0  startup.o(RESET)
    GPIOPortK_Handler                        0x00000283   Thumb Code     0  startup.o(RESET)
    GPIOPortL_Handler                        0x00000283   Thumb Code     0  startup.o(RESET)
    GPIOPortM_Handler                        0x00000283   Thumb Code     0  startup.o(RESET)
    GPIOPortN_Handler                        0x00000283   Thumb Code     0  startup.o(RESET)
    GPIOPortP1_Handler                       0x00000283   Thumb Code     0  startup.o(RESET)
    GPIOPortP2_Handler                       0x00000283   Thumb Code     0  startup.o(RESET)
    GPIOPortP3_Handler                       0x00000283   Thumb Code     0  startup.o(RESET)
    GPIOPortP4_Handler                       0x00000283   Thumb Code     0  startup.o(RESET)
    GPIOPortP5_Handler                       0x00000283   Thumb Code     0  startup.o(RESET)
    GPIOPortP6_Handler                       0x00000283   Thumb Code     0  startup.o(RESET)
    GPIOPortP7_Handler                       0x00000283   Thumb Code     0  startup.o(RESET)
    GPIOPortP_Handler                        0x00000283   Thumb Code     0  startup.o(RESET)
    GPIOPortQ1_Handler                       0x00000283   Thumb Code     0  startup.o(RESET)
    GPIOPortQ2_Handler                       0x00000283   Thumb Code     0  startup.o(RESET)
    GPIOPortQ3_Handler                       0x00000283   Thumb Code     0  startup.o(RESET)
    GPIOPortQ4_Handler                       0x00000283   Thumb Code     0  startup.o(RESET)
    GPIOPortQ5_Handler                       0x00000283   Thumb Code     0  startup.o(RESET)
    GPIOPortQ6_Handler                       0x00000283   Thumb Code     0  startup.o(RESET)
    GPIOPortQ7_Handler                       0x00000283   Thumb Code     0  startup.o(RESET)
    GPIOPortQ_Handler                        0x00000283   Thumb Code     0  startup.o(RESET)
    GPIOPortR_Handler                        0x00000283   Thumb Code     0  startup.o(RESET)
    GPIOPortS_Handler                        0x00000283   Thumb Code     0  startup.o(RESET)
    Hibernate_Handler                        0x00000283   Thumb Code     0  startup.o(RESET)
    I2C0_Handler                             0x00000283   Thumb Code     0  startup.o(RESET)
    I2C1_Handler                             0x00000283   Thumb Code     0  startup.o(RESET)
    I2C2_Handler                             0x00000283   Thumb Code     0  startup.o(RESET)
    I2C3_Handler                             0x00000283   Thumb Code     0  startup.o(RESET)
    I2C4_Handler                             0x00000283   Thumb Code     0  startup.o(RESET)
    I2C5_Handler                             0x00000283   Thumb Code     0  startup.o(RESET)
    I2S0_Handler                             0x00000283   Thumb Code     0  startup.o(RESET)
    LPC0_Handler                             0x00000283   Thumb Code     0  startup.o(RESET)
    PECI0_Handler                            0x00000283   Thumb Code     0  startup.o(RESET)
    PWM0Fault_Handler                        0x00000283   Thumb Code     0  startup.o(RESET)
    PWM0Generator0_Handler                   0x00000283   Thumb Code     0  startup.o(RESET)
    PWM0Generator1_Handler                   0x00000283   Thumb Code     0  startup.o(RESET)
    PWM0Generator2_Handler                   0x00000283   Thumb Code     0  startup.o(RESET)
    PWM0Generator3_Handler                   0x00000283   Thumb Code     0  startup.o(RESET)
    PWM1Fault_Handler                        0x00000283   Thumb Code     0  startup.o(RESET)
    PWM1Generator0_Handler                   0x00000283   Thumb Code     0  startup.o(RESET)
    PWM1Generator1_Handler                   0x00000283   Thumb Code     0  startup.o(RESET)
    PWM1Generator2_Handler                   0x00000283   Thumb Code     0  startup.o(RESET)
    PWM1Generator3_Handler                   0x00000283   Thumb Code     0  startup.o(RESET)
    Quadrature0_Handler                      0x00000283   Thumb Code     0  startup.o(RESET)
    Quadrature1_Handler                      0x00000283   Thumb Code     0  startup.o(RESET)
    Quadrature2_Handler                      0x00000283   Thumb Code     0  startup.o(RESET)
    SSI0_Handler                             0x00000283   Thumb Code     0  startup.o(RESET)
    SSI1_Handler                             0x00000283   Thumb Code     0  startup.o(RESET)
    SSI2_Handler                             0x00000283   Thumb Code     0  startup.o(RESET)
    SSI3_Handler                             0x00000283   Thumb Code     0  startup.o(RESET)
    SysCtl_Handler                           0x00000283   Thumb Code     0  startup.o(RESET)
    Timer0B_Handler                          0x00000283   Thumb Code     0  startup.o(RESET)
    Timer1B_Handler                          0x00000283   Thumb Code     0  startup.o(RESET)
    Timer2A_Handler                          0x00000283   Thumb Code     0  startup.o(RESET)
    Timer2B_Handler                          0x00000283   Thumb Code     0  startup.o(RESET)
    Timer3A_Handler                          0x00000283   Thumb Code     0  startup.o(RESET)
    Timer3B_Handler                          0x00000283   Thumb Code     0  startup.o(RESET)
    Timer4A_Handler                          0x00000283   Thumb Code     0  startup.o(RESET)
    Timer4B_Handler                          0x00000283   Thumb Code     0  startup.o(RESET)
    Timer5A_Handler                          0x00000283   Thumb Code     0  startup.o(RESET)
    Timer5B_Handler                          0x00000283   Thumb Code     0  startup.o(RESET)
    UART0_Handler                            0x00000283   Thumb Code     0  startup.o(RESET)
    UART1_Handler                            0x00000283   Thumb Code     0  startup.o(RESET)
    UART2_Handler                            0x00000283   Thumb Code     0  startup.o(RESET)
    UART3_Handler                            0x00000283   Thumb Code     0  startup.o(RESET)
    UART4_Handler                            0x00000283   Thumb Code     0  startup.o(RESET)
    UART5_Handler                            0x00000283   Thumb Code     0  startup.o(RESET)
    UART6_Handler                            0x00000283   Thumb Code     0  startup.o(RESET)
    UART7_Handler                            0x00000283   Thumb Code     0  startup.o(RESET)
    USB0_Handler                             0x00000283   Thumb Code     0  startup.o(RESET)
    WDT_Handler                              0x00000283   Thumb Code     0  startup.o(RESET)
    WideTimer0A_Handler                      0x00000283   Thumb Code     0  startup.o(RESET)
    WideTimer0B_Handler                      0x00000283   Thumb Code     0  startup.o(RESET)
    WideTimer1A_Handler                      0x00000283   Thumb Code     0  startup.o(RESET)
    WideTimer1B_Handler                      0x00000283   Thumb Code     0  startup.o(RESET)
    WideTimer2A_Handler                      0x00000283   Thumb Code     0  startup.o(RESET)
    WideTimer2B_Handler                      0x00000283   Thumb Code     0  startup.o(RESET)
    WideTimer3A_Handler                      0x00000283   Thumb Code     0  startup.o(RESET)
    WideTimer3B_Handler                      0x00000283   Thumb Code     0  startup.o(RESET)
    WideTimer4A_Handler                      0x00000283   Thumb Code     0  startup.o(RESET)
    WideTimer4B_Handler                      0x00000283   Thumb Code     0  startup.o(RESET)
    WideTimer5A_Handler                      0x00000283   Thumb Code     0  startup.o(RESET)
    WideTimer5B_Handler                      0x00000283   Thumb Code     0  startup.o(RESET)
    uDMA_Error                               0x00000283   Thumb Code     0  startup.o(RESET)
    uDMA_Handler                             0x00000283   Thumb Code     0  startup.o(RESET)
    __main                                   0x00000285   Thumb Code     8  __main.o(!!!main)
    __scatterload                            0x0000028d   Thumb Code     0  __scatter.o(!!!scatter)
    __scatterload_rt2                        0x0000028d   Thumb Code    44  __scatter.o(!!!scatter)
    __scatterload_rt2_thumb_only             0x0000028d   Thumb Code     0  __scatter.o(!!!scatter)
    __scatterload_null                       0x0000029b   Thumb Code     0  __scatter.o(!!!scatter)
    __scatterload_copy                       0x000002c1   Thumb Code    26  __scatter_copy.o(!!handler_copy)
    __scatterload_zeroinit                   0x000002dd   Thumb Code    28  __scatter_zi.o(!!handler_zi)
    __rt_lib_init                            0x000002f9   Thumb Code     0  libinit.o(.ARM.Collect$$libinit$$00000000)
    __rt_lib_init_alloca_1                   0x000002fb   Thumb Code     0  libinit2.o(.ARM.Collect$$libinit$$0000002E)
    __rt_lib_init_argv_1                     0x000002fb   Thumb Code     0  libinit2.o(.ARM.Collect$$libinit$$0000002C)
    __rt_lib_init_atexit_1                   0x000002fb   Thumb Code     0  libinit2.o(.ARM.Collect$$libinit$$0000001B)
    __rt_lib_init_clock_1                    0x000002fb   Thumb Code     0  libinit2.o(.ARM.Collect$$libinit$$00000021)
    __rt_lib_init_cpp_1                      0x000002fb   Thumb Code     0  libinit2.o(.ARM.Collect$$libinit$$00000032)
    __rt_lib_init_exceptions_1               0x000002fb   Thumb Code     0  libinit2.o(.ARM.Collect$$libinit$$00000030)
    __rt_lib_init_fp_1                       0x000002fb   Thumb Code     0  libinit2.o(.ARM.Collect$$libinit$$00000002)
    __rt_lib_init_fp_trap_1                  0x000002fb   Thumb Code     0  libinit2.o(.ARM.Collect$$libinit$$0000001F)
    __rt_lib_init_getenv_1                   0x000002fb   Thumb Code     0  libinit2.o(.ARM.Collect$$libinit$$00000023)
    __rt_lib_init_heap_1                     0x000002fb   Thumb Code     0  libinit2.o(.ARM.Collect$$libinit$$0000000A)
    __rt_lib_init_lc_collate_1               0x000002fb   Thumb Code     0  libinit2.o(.ARM.Collect$$libinit$$00000011)
    __rt_lib_init_lc_ctype_1                 0x000002fb   Thumb Code     0  libinit2.o(.ARM.Collect$$libinit$$00000013)
    __rt_lib_init_lc_monetary_1              0x000002fb   Thumb Code     0  libinit2.o(.ARM.Collect$$libinit$$00000015)
    __rt_lib_init_lc_numeric_1               0x000002fb   Thumb Code     0  libinit2.o(.ARM.Collect$$libinit$$00000017)
    __rt_lib_init_lc_time_1                  0x000002fb   Thumb Code     0  libinit2.o(.ARM.Collect$$libinit$$00000019)
    __rt_lib_init_preinit_1                  0x000002fb   Thumb Code     0  libinit2.o(.ARM.Collect$$libinit$$00000004)
    __rt_lib_init_rand_1                     0x000002fb   Thumb Code     0  libinit2.o(.ARM.Collect$$libinit$$0000000E)
    __rt_lib_init_return                     0x000002fb   Thumb Code     0  libinit2.o(.ARM.Collect$$libinit$$00000033)
    __rt_lib_init_signal_1                   0x000002fb   Thumb Code     0  libinit2.o(.ARM.Collect$$libinit$$0000001D)
    __rt_lib_init_stdio_1                    0x000002fb   Thumb Code     0  libinit2.o(.ARM.Collect$$libinit$$00000025)
    __rt_lib_init_user_alloc_1               0x000002fb   Thumb Code     0  libinit2.o(.ARM.Collect$$libinit$$0000000C)
    __rt_lib_shutdown                        0x000002fd   Thumb Code     0  libshutdown.o(.ARM.Collect$$libshutdown$$00000000)
    __rt_lib_shutdown_cpp_1                  0x000002ff   Thumb Code     0  libshutdown2.o(.ARM.Collect$$libshutdown$$00000002)
    __rt_lib_shutdown_fp_trap_1              0x000002ff   Thumb Code     0  libshutdown2.o(.ARM.Collect$$libshutdown$$00000007)
    __rt_lib_shutdown_heap_1                 0x000002ff   Thumb Code     0  libshutdown2.o(.ARM.Collect$$libshutdown$$0000000F)
    __rt_lib_shutdown_return                 0x000002ff   Thumb Code     0  libshutdown2.o(.ARM.Collect$$libshutdown$$00000010)
    __rt_lib_shutdown_signal_1               0x000002ff   Thumb Code     0  libshutdown2.o(.ARM.Collect$$libshutdown$$0000000A)
    __rt_lib_shutdown_stdio_1                0x000002ff   Thumb Code     0  libshutdown2.o(.ARM.Collect$$libshutdown$$00000004)
    __rt_lib_shutdown_user_alloc_1           0x000002ff   Thumb Code     0  libshutdown2.o(.ARM.Collect$$libshutdown$$0000000C)
    __rt_entry                               0x00000301   Thumb Code     0  __rtentry.o(.ARM.Collect$$rtentry$$00000000)
    __rt_entry_presh_1                       0x00000301   Thumb Code     0  __rtentry2.o(.ARM.Collect$$rtentry$$00000002)
    __rt_entry_sh                            0x00000301   Thumb Code     0  __rtentry4.o(.ARM.Collect$$rtentry$$00000004)
    __rt_entry_li                            0x00000307   Thumb Code     0  __rtentry2.o(.ARM.Collect$$rtentry$$0000000A)
    __rt_entry_postsh_1                      0x00000307   Thumb Code     0  __rtentry2.o(.ARM.Collect$$rtentry$$00000009)
    __rt_entry_main                          0x0000030b   Thumb Code     0  __rtentry2.o(.ARM.Collect$$rtentry$$0000000D)
    __rt_entry_postli_1                      0x0000030b   Thumb Code     0  __rtentry2.o(.ARM.Collect$$rtentry$$0000000C)
    __rt_exit                                0x00000313   Thumb Code     0  rtexit.o(.ARM.Collect$$rtexit$$00000000)
    __rt_exit_ls                             0x00000315   Thumb Code     0  rtexit2.o(.ARM.Collect$$rtexit$$00000003)
    __rt_exit_prels_1                        0x00000315   Thumb Code     0  rtexit2.o(.ARM.Collect$$rtexit$$00000002)
    __rt_exit_exit                           0x00000319   Thumb Code     0  rtexit2.o(.ARM.Collect$$rtexit$$00000004)
    DisableInterrupts                        0x00000321   Thumb Code     0  startup.o(.text)
    EnableInterrupts                         0x00000325   Thumb Code     0  startup.o(.text)
    StartCritical                            0x00000329   Thumb Code     0  startup.o(.text)
    EndCritical                              0x00000331   Thumb Code     0  startup.o(.text)
    WaitForInterrupt                         0x00000337   Thumb Code     0  startup.o(.text)
    __user_initial_stackheap                 0x0000033b   Thumb Code     0  startup.o(.text)
    Random_Init                              0x00000351   Thumb Code     0  random.o(.text)
    Random32                                 0x0000035b   Thumb Code     2  random.o(.text)
    Random                                   0x0000036d   Thumb Code     2  random.o(.text)
    writecommand                             0x00000391   Thumb Code     0  lcd.o(.text)
    writedata                                0x000003b9   Thumb Code     0  lcd.o(.text)
    __use_two_region_memory                  0x000003e1   Thumb Code     2  heapauxi.o(.text)
    __rt_heap_escrow$2region                 0x000003e3   Thumb Code     2  heapauxi.o(.text)
    __rt_heap_expand$2region                 0x000003e5   Thumb Code     2  heapauxi.o(.text)
    __user_setup_stackheap                   0x000003e7   Thumb Code    74  sys_stackheap_outer.o(.text)
    exit                                     0x00000431   Thumb Code    18  exit.o(.text)
    __user_libspace                          0x00000445   Thumb Code     8  libspace.o(.text)
    __user_perproc_libspace                  0x00000445   Thumb Code     0  libspace.o(.text)
    __user_perthread_libspace                0x00000445   Thumb Code     0  libspace.o(.text)
    _sys_exit                                0x0000044d   Thumb Code     8  sys_exit.o(.text)
    __I$use$semihosting                      0x00000459   Thumb Code     0  use_no_semi.o(.text)
    __use_no_semihosting_swi                 0x00000459   Thumb Code     2  use_no_semi.o(.text)
    __semihosting_library_function           0x0000045b   Thumb Code     0  indicate_semi.o(.text)
    ADC_In                                   0x0000045d   Thumb Code    38  adc.o(i.ADC_In)
    ADC_Init                                 0x00000489   Thumb Code   220  adc.o(i.ADC_Init)
    Delay100ms                               0x00000579   Thumb Code    30  spaceinvaders.o(i.Delay100ms)
    Delay1ms                                 0x0000059d   Thumb Code    32  st7735.o(i.Delay1ms)
    NextLevel                                0x000005bd   Thumb Code   272  spaceinvaders.o(i.NextLevel)
    Output_Init                              0x000006e9   Thumb Code    16  st7735.o(i.Output_Init)
    PLL_Init                                 0x000006f9   Thumb Code   120  pll.o(i.PLL_Init)
    PlayerShoot                              0x00000775   Thumb Code   464  spaceinvaders.o(i.PlayerShoot)
    PortE_Init                               0x00000965   Thumb Code    42  spaceinvaders.o(i.PortE_Init)
    ST7735_Color565                          0x0000099d   Thumb Code    24  st7735.o(i.ST7735_Color565)
    ST7735_DrawBitmap                        0x000009b5   Thumb Code   230  st7735.o(i.ST7735_DrawBitmap)
    ST7735_DrawCharS                         0x00000aa5   Thumb Code   236  st7735.o(i.ST7735_DrawCharS)
    ST7735_DrawPixel                         0x00000b9d   Thumb Code    64  st7735.o(i.ST7735_DrawPixel)
    ST7735_DrawString                        0x00000be5   Thumb Code    86  st7735.o(i.ST7735_DrawString)
    ST7735_FillRect                          0x00000c3d   Thumb Code   164  st7735.o(i.ST7735_FillRect)
    ST7735_FillScreen                        0x00000ce9   Thumb Code    28  st7735.o(i.ST7735_FillScreen)
    ST7735_InitR                             0x00000d0d   Thumb Code    90  st7735.o(i.ST7735_InitR)
    ST7735_OutChar                           0x00000d89   Thumb Code   176  st7735.o(i.ST7735_OutChar)
    ST7735_OutString                         0x00000e5d   Thumb Code    24  st7735.o(i.ST7735_OutString)
    ST7735_SetCursor                         0x00000e75   Thumb Code    22  st7735.o(i.ST7735_SetCursor)
    SysTick_Handler                          0x00000e95   Thumb Code   256  spaceinvaders.o(i.SysTick_Handler)
    SysTick_Init                             0x00000fa9   Thumb Code    44  spaceinvaders.o(i.SysTick_Init)
    Timer0A_Handler                          0x00000fd9   Thumb Code    26  timer0.o(i.Timer0A_Handler)
    Timer0_Init                              0x00001001   Thumb Code    74  timer0.o(i.Timer0_Init)
    Timer1A_Handler                          0x00001061   Thumb Code    16  timer1.o(i.Timer1A_Handler)
    main                                     0x00001259   Thumb Code   126  spaceinvaders.o(i.main)
    __aeabi_ddiv                             0x00001375   Thumb Code     0  ddiv.o(x$fpl$ddiv)
    _ddiv                                    0x00001375   Thumb Code   552  ddiv.o(x$fpl$ddiv)
    __aeabi_d2uiz                            0x00001625   Thumb Code     0  dfixu.o(x$fpl$dfixu)
    _dfixu                                   0x00001625   Thumb Code    90  dfixu.o(x$fpl$dfixu)
    __aeabi_ui2d                             0x0000167f   Thumb Code     0  dflt_clz.o(x$fpl$dfltu)
    _dfltu                                   0x0000167f   Thumb Code    38  dflt_clz.o(x$fpl$dfltu)
    __fpl_dnaninf                            0x000016a5   Thumb Code   156  dnaninf.o(x$fpl$dnaninf)
    __fpl_dretinf                            0x00001741   Thumb Code    12  dretinf.o(x$fpl$dretinf)
    SmallEnemy10pointA                       0x0000174c   Data         320  spaceinvaders.o(.constdata)
    __I$use$fp                               0x0000174c   Number         0  usenofp.o(x$fpl$usenofp)
    ns                                       0x0000188c   Data         288  spaceinvaders.o(.constdata)
    sp                                       0x000019ac   Data         288  spaceinvaders.o(.constdata)
    SmallEnemy10pointB                       0x00001acc   Data         320  spaceinvaders.o(.constdata)
    SmallEnemy20pointA                       0x00001c0c   Data         320  spaceinvaders.o(.constdata)
    SmallEnemy20pointB                       0x00001d4c   Data         320  spaceinvaders.o(.constdata)
    SmallEnemy30pointA                       0x00001e8c   Data         320  spaceinvaders.o(.constdata)
    SmallEnemy30pointB                       0x00001fcc   Data         320  spaceinvaders.o(.constdata)
    PlayerShip0                              0x0000210c   Data         288  spaceinvaders.o(.constdata)
    pship                                    0x0000222c   Data         288  spaceinvaders.o(.constdata)
    Bunker0                                  0x0000234c   Data         180  spaceinvaders.o(.constdata)
    dBfs                                     0x000029e2   Data         512  st7735.o(.constdata)
    Region$$Table$$Base                      0x00002be4   Number         0  anon$$obj.o(Region$$Table)
    Region$$Table$$Limit                     0x00002c04   Number         0  anon$$obj.o(Region$$Table)
    PeriodicTask0                            0x20000000   Data           4  timer0.o(.data)
    PeriodicTask1                            0x20000004   Data           4  timer1.o(.data)
    shipPos                                  0x20000008   Data           2  spaceinvaders.o(.data)
    pastPos                                  0x2000000a   Data           2  spaceinvaders.o(.data)
    k                                        0x2000000c   Data           1  spaceinvaders.o(.data)
    laserypos                                0x20000010   Data           4  spaceinvaders.o(.data)
    delay                                    0x20000014   Data           4  spaceinvaders.o(.data)
    laserxPos                                0x20000018   Data           4  spaceinvaders.o(.data)
    deadCount                                0x2000001c   Data           1  spaceinvaders.o(.data)
    lives                                    0x2000001d   Data           1  spaceinvaders.o(.data)
    enemies                                  0x2000001e   Data          48  spaceinvaders.o(.data)
    StX                                      0x20000050   Data           4  st7735.o(.data)
    StY                                      0x20000054   Data           4  st7735.o(.data)
    StTextColor                              0x20000058   Data           2  st7735.o(.data)
    Messageindex                             0x20000064   Data           4  st7735.o(.data)
    Ymax                                     0x20000068   Data           4  st7735.o(.data)
    Ymin                                     0x2000006c   Data           4  st7735.o(.data)
    X                                        0x20000070   Data           4  st7735.o(.data)
    Yrange                                   0x20000074   Data           4  st7735.o(.data)
    lastj                                    0x20000078   Data           4  st7735.o(.data)
    __libspace_start                         0x20000080   Data          96  libspace.o(.bss)
    __temporary_stack_top$libspace           0x200000e0   Data           0  libspace.o(.bss)



==============================================================================

Memory Map of the image

  Image Entry point : 0x0000026d

  Load Region LR_1 (Base: 0x00000000, Size: 0x00002c84, Max: 0xffffffff, ABSOLUTE)

    Execution Region ER_RO (Exec base: 0x00000000, Load base: 0x00000000, Size: 0x00002c04, Max: 0xffffffff, ABSOLUTE)

    Exec Addr    Load Addr    Size         Type   Attr      Idx    E Section Name        Object

    0x00000000   0x00000000   0x00000284   Code   RO            3  * RESET               startup.o
    0x00000284   0x00000284   0x00000008   Code   RO          534  * !!!main             c_w.l(__main.o)
    0x0000028c   0x0000028c   0x00000034   Code   RO          710    !!!scatter          c_w.l(__scatter.o)
    0x000002c0   0x000002c0   0x0000001a   Code   RO          712    !!handler_copy      c_w.l(__scatter_copy.o)
    0x000002da   0x000002da   0x00000002   PAD
    0x000002dc   0x000002dc   0x0000001c   Code   RO          714    !!handler_zi        c_w.l(__scatter_zi.o)
    0x000002f8   0x000002f8   0x00000002   Code   RO          580    .ARM.Collect$$libinit$$00000000  c_w.l(libinit.o)
    0x000002fa   0x000002fa   0x00000000   Code   RO          587    .ARM.Collect$$libinit$$00000002  c_w.l(libinit2.o)
    0x000002fa   0x000002fa   0x00000000   Code   RO          589    .ARM.Collect$$libinit$$00000004  c_w.l(libinit2.o)
    0x000002fa   0x000002fa   0x00000000   Code   RO          592    .ARM.Collect$$libinit$$0000000A  c_w.l(libinit2.o)
    0x000002fa   0x000002fa   0x00000000   Code   RO          594    .ARM.Collect$$libinit$$0000000C  c_w.l(libinit2.o)
    0x000002fa   0x000002fa   0x00000000   Code   RO          596    .ARM.Collect$$libinit$$0000000E  c_w.l(libinit2.o)
    0x000002fa   0x000002fa   0x00000000   Code   RO          599    .ARM.Collect$$libinit$$00000011  c_w.l(libinit2.o)
    0x000002fa   0x000002fa   0x00000000   Code   RO          601    .ARM.Collect$$libinit$$00000013  c_w.l(libinit2.o)
    0x000002fa   0x000002fa   0x00000000   Code   RO          603    .ARM.Collect$$libinit$$00000015  c_w.l(libinit2.o)
    0x000002fa   0x000002fa   0x00000000   Code   RO          605    .ARM.Collect$$libinit$$00000017  c_w.l(libinit2.o)
    0x000002fa   0x000002fa   0x00000000   Code   RO          607    .ARM.Collect$$libinit$$00000019  c_w.l(libinit2.o)
    0x000002fa   0x000002fa   0x00000000   Code   RO          609    .ARM.Collect$$libinit$$0000001B  c_w.l(libinit2.o)
    0x000002fa   0x000002fa   0x00000000   Code   RO          611    .ARM.Collect$$libinit$$0000001D  c_w.l(libinit2.o)
    0x000002fa   0x000002fa   0x00000000   Code   RO          613    .ARM.Collect$$libinit$$0000001F  c_w.l(libinit2.o)
    0x000002fa   0x000002fa   0x00000000   Code   RO          615    .ARM.Collect$$libinit$$00000021  c_w.l(libinit2.o)
    0x000002fa   0x000002fa   0x00000000   Code   RO          617    .ARM.Collect$$libinit$$00000023  c_w.l(libinit2.o)
    0x000002fa   0x000002fa   0x00000000   Code   RO          619    .ARM.Collect$$libinit$$00000025  c_w.l(libinit2.o)
    0x000002fa   0x000002fa   0x00000000   Code   RO          623    .ARM.Collect$$libinit$$0000002C  c_w.l(libinit2.o)
    0x000002fa   0x000002fa   0x00000000   Code   RO          625    .ARM.Collect$$libinit$$0000002E  c_w.l(libinit2.o)
    0x000002fa   0x000002fa   0x00000000   Code   RO          627    .ARM.Collect$$libinit$$00000030  c_w.l(libinit2.o)
    0x000002fa   0x000002fa   0x00000000   Code   RO          629    .ARM.Collect$$libinit$$00000032  c_w.l(libinit2.o)
    0x000002fa   0x000002fa   0x00000002   Code   RO          630    .ARM.Collect$$libinit$$00000033  c_w.l(libinit2.o)
    0x000002fc   0x000002fc   0x00000002   Code   RO          650    .ARM.Collect$$libshutdown$$00000000  c_w.l(libshutdown.o)
    0x000002fe   0x000002fe   0x00000000   Code   RO          663    .ARM.Collect$$libshutdown$$00000002  c_w.l(libshutdown2.o)
    0x000002fe   0x000002fe   0x00000000   Code   RO          665    .ARM.Collect$$libshutdown$$00000004  c_w.l(libshutdown2.o)
    0x000002fe   0x000002fe   0x00000000   Code   RO          668    .ARM.Collect$$libshutdown$$00000007  c_w.l(libshutdown2.o)
    0x000002fe   0x000002fe   0x00000000   Code   RO          671    .ARM.Collect$$libshutdown$$0000000A  c_w.l(libshutdown2.o)
    0x000002fe   0x000002fe   0x00000000   Code   RO          673    .ARM.Collect$$libshutdown$$0000000C  c_w.l(libshutdown2.o)
    0x000002fe   0x000002fe   0x00000000   Code   RO          676    .ARM.Collect$$libshutdown$$0000000F  c_w.l(libshutdown2.o)
    0x000002fe   0x000002fe   0x00000002   Code   RO          677    .ARM.Collect$$libshutdown$$00000010  c_w.l(libshutdown2.o)
    0x00000300   0x00000300   0x00000000   Code   RO          550    .ARM.Collect$$rtentry$$00000000  c_w.l(__rtentry.o)
    0x00000300   0x00000300   0x00000000   Code   RO          557    .ARM.Collect$$rtentry$$00000002  c_w.l(__rtentry2.o)
    0x00000300   0x00000300   0x00000006   Code   RO          569    .ARM.Collect$$rtentry$$00000004  c_w.l(__rtentry4.o)
    0x00000306   0x00000306   0x00000000   Code   RO          559    .ARM.Collect$$rtentry$$00000009  c_w.l(__rtentry2.o)
    0x00000306   0x00000306   0x00000004   Code   RO          560    .ARM.Collect$$rtentry$$0000000A  c_w.l(__rtentry2.o)
    0x0000030a   0x0000030a   0x00000000   Code   RO          562    .ARM.Collect$$rtentry$$0000000C  c_w.l(__rtentry2.o)
    0x0000030a   0x0000030a   0x00000008   Code   RO          563    .ARM.Collect$$rtentry$$0000000D  c_w.l(__rtentry2.o)
    0x00000312   0x00000312   0x00000002   Code   RO          584    .ARM.Collect$$rtexit$$00000000  c_w.l(rtexit.o)
    0x00000314   0x00000314   0x00000000   Code   RO          632    .ARM.Collect$$rtexit$$00000002  c_w.l(rtexit2.o)
    0x00000314   0x00000314   0x00000004   Code   RO          633    .ARM.Collect$$rtexit$$00000003  c_w.l(rtexit2.o)
    0x00000318   0x00000318   0x00000006   Code   RO          634    .ARM.Collect$$rtexit$$00000004  c_w.l(rtexit2.o)
    0x0000031e   0x0000031e   0x00000002   PAD
    0x00000320   0x00000320   0x00000030   Code   RO            4    .text               startup.o
    0x00000350   0x00000350   0x00000040   Code   RO           13    .text               random.o
    0x00000390   0x00000390   0x00000050   Code   RO          170    .text               lcd.o
    0x000003e0   0x000003e0   0x00000006   Code   RO          532    .text               c_w.l(heapauxi.o)
    0x000003e6   0x000003e6   0x0000004a   Code   RO          571    .text               c_w.l(sys_stackheap_outer.o)
    0x00000430   0x00000430   0x00000012   Code   RO          573    .text               c_w.l(exit.o)
    0x00000442   0x00000442   0x00000002   PAD
    0x00000444   0x00000444   0x00000008   Code   RO          581    .text               c_w.l(libspace.o)
    0x0000044c   0x0000044c   0x0000000c   Code   RO          642    .text               c_w.l(sys_exit.o)
    0x00000458   0x00000458   0x00000002   Code   RO          653    .text               c_w.l(use_no_semi.o)
    0x0000045a   0x0000045a   0x00000000   Code   RO          655    .text               c_w.l(indicate_semi.o)
    0x0000045a   0x0000045a   0x00000002   PAD
    0x0000045c   0x0000045c   0x0000002c   Code   RO           41    i.ADC_In            adc.o
    0x00000488   0x00000488   0x000000f0   Code   RO           42    i.ADC_Init          adc.o
    0x00000578   0x00000578   0x00000024   Code   RO          177    i.Delay100ms        spaceinvaders.o
    0x0000059c   0x0000059c   0x00000020   Code   RO          255    i.Delay1ms          st7735.o
    0x000005bc   0x000005bc   0x0000012c   Code   RO          178    i.NextLevel         spaceinvaders.o
    0x000006e8   0x000006e8   0x00000010   Code   RO          258    i.Output_Init       st7735.o
    0x000006f8   0x000006f8   0x0000007c   Code   RO          518    i.PLL_Init          pll.o
    0x00000774   0x00000774   0x000001f0   Code   RO          179    i.PlayerShoot       spaceinvaders.o
    0x00000964   0x00000964   0x00000038   Code   RO          180    i.PortE_Init        spaceinvaders.o
    0x0000099c   0x0000099c   0x00000018   Code   RO          261    i.ST7735_Color565   st7735.o
    0x000009b4   0x000009b4   0x000000f0   Code   RO          262    i.ST7735_DrawBitmap  st7735.o
    0x00000aa4   0x00000aa4   0x000000f8   Code   RO          264    i.ST7735_DrawCharS  st7735.o
    0x00000b9c   0x00000b9c   0x00000048   Code   RO          267    i.ST7735_DrawPixel  st7735.o
    0x00000be4   0x00000be4   0x00000056   Code   RO          268    i.ST7735_DrawString  st7735.o
    0x00000c3a   0x00000c3a   0x00000002   PAD
    0x00000c3c   0x00000c3c   0x000000ac   Code   RO          269    i.ST7735_FillRect   st7735.o
    0x00000ce8   0x00000ce8   0x00000024   Code   RO          270    i.ST7735_FillScreen  st7735.o
    0x00000d0c   0x00000d0c   0x0000007c   Code   RO          272    i.ST7735_InitR      st7735.o
    0x00000d88   0x00000d88   0x000000d4   Code   RO          274    i.ST7735_OutChar    st7735.o
    0x00000e5c   0x00000e5c   0x00000018   Code   RO          275    i.ST7735_OutString  st7735.o
    0x00000e74   0x00000e74   0x00000020   Code   RO          285    i.ST7735_SetCursor  st7735.o
    0x00000e94   0x00000e94   0x00000114   Code   RO          181    i.SysTick_Handler   spaceinvaders.o
    0x00000fa8   0x00000fa8   0x00000030   Code   RO          182    i.SysTick_Init      spaceinvaders.o
    0x00000fd8   0x00000fd8   0x00000028   Code   RO           59    i.Timer0A_Handler   timer0.o
    0x00001000   0x00001000   0x00000060   Code   RO           60    i.Timer0_Init       timer0.o
    0x00001060   0x00001060   0x00000018   Code   RO           80    i.Timer1A_Handler   timer1.o
    0x00001078   0x00001078   0x00000056   Code   RO          289    i.commandList       st7735.o
    0x000010ce   0x000010ce   0x00000002   PAD
    0x000010d0   0x000010d0   0x00000188   Code   RO          290    i.commonInit        st7735.o
    0x00001258   0x00001258   0x00000094   Code   RO          183    i.main              spaceinvaders.o
    0x000012ec   0x000012ec   0x00000012   Code   RO          295    i.pushColor         st7735.o
    0x000012fe   0x000012fe   0x00000002   PAD
    0x00001300   0x00001300   0x00000074   Code   RO          296    i.setAddrWindow     st7735.o
    0x00001374   0x00001374   0x000002b0   Code   RO          537    x$fpl$ddiv          fz_ws.l(ddiv.o)
    0x00001624   0x00001624   0x0000005a   Code   RO          540    x$fpl$dfixu         fz_ws.l(dfixu.o)
    0x0000167e   0x0000167e   0x00000026   Code   RO          544    x$fpl$dfltu         fz_ws.l(dflt_clz.o)
    0x000016a4   0x000016a4   0x0000009c   Code   RO          551    x$fpl$dnaninf       fz_ws.l(dnaninf.o)
    0x00001740   0x00001740   0x0000000c   Code   RO          553    x$fpl$dretinf       fz_ws.l(dretinf.o)
    0x0000174c   0x0000174c   0x00000000   Code   RO          555    x$fpl$usenofp       fz_ws.l(usenofp.o)
    0x0000174c   0x0000174c   0x00000cb4   Data   RO          184    .constdata          spaceinvaders.o
    0x00002400   0x00002400   0x000007e2   Data   RO          298    .constdata          st7735.o
    0x00002be2   0x00002be2   0x00000002   PAD
    0x00002be4   0x00002be4   0x00000020   Data   RO          708    Region$$Table       anon$$obj.o


    Execution Region ER_RW (Exec base: 0x20000000, Load base: 0x00002c04, Size: 0x00000080, Max: 0xffffffff, ABSOLUTE)

    Exec Addr    Load Addr    Size         Type   Attr      Idx    E Section Name        Object

    0x20000000   0x00002c04   0x00000004   Data   RW           61    .data               timer0.o
    0x20000004   0x00002c08   0x00000004   Data   RW           82    .data               timer1.o
    0x20000008   0x00002c0c   0x00000046   Data   RW          185    .data               spaceinvaders.o
    0x2000004e   0x00002c52   0x00000002   PAD
    0x20000050   0x00002c54   0x0000002c   Data   RW          299    .data               st7735.o
    0x2000007c   0x00002c80   0x00000004   Data   RW           12    DATA                random.o


    Execution Region ER_ZI (Exec base: 0x20000080, Load base: 0x00002c84, Size: 0x00000460, Max: 0xffffffff, ABSOLUTE)

    Exec Addr    Load Addr    Size         Type   Attr      Idx    E Section Name        Object

    0x20000080        -       0x00000060   Zero   RW          582    .bss                c_w.l(libspace.o)
    0x200000e0        -       0x00000000   Zero   RW            2    HEAP                startup.o
    0x200000e0        -       0x00000400   Zero   RW            1    STACK               startup.o


==============================================================================

Image component sizes


      Code (inc. data)   RO Data    RW Data    ZI Data      Debug   Object Name

       284         26          0          0          0        876   adc.o
         0          0          0          0          0       4508   dac.o
        80         12          0          0          0        236   lcd.o
       124          4          0          0          0        443   pll.o
        64         14          0          4          0        232   random.o
      1360        126       3252         70          0       5920   spaceinvaders.o
      1930        186       2018         44          0      13458   st7735.o
       692        632          0          0       1024        972   startup.o
       136         36          0          4          0       1444   timer0.o
        24          8          0          4          0        910   timer1.o

    ----------------------------------------------------------------------
      4700       1044       5304        128       1024      28999   Object Totals
         0          0         32          0          0          0   (incl. Generated)
         6          0          2          2          0          0   (incl. Padding)

    ----------------------------------------------------------------------

      Code (inc. data)   RO Data    RW Data    ZI Data      Debug   Library Member Name

         8          0          0          0          0         68   __main.o
         0          0          0          0          0          0   __rtentry.o
        12          0          0          0          0          0   __rtentry2.o
         6          0          0          0          0          0   __rtentry4.o
        52          8          0          0          0          0   __scatter.o
        26          0          0          0          0          0   __scatter_copy.o
        28          0          0          0          0          0   __scatter_zi.o
        18          0          0          0          0         80   exit.o
         6          0          0          0          0        152   heapauxi.o
         0          0          0          0          0          0   indicate_semi.o
         2          0          0          0          0          0   libinit.o
         2          0          0          0          0          0   libinit2.o
         2          0          0          0          0          0   libshutdown.o
         2          0          0          0          0          0   libshutdown2.o
         8          4          0          0         96         68   libspace.o
         2          0          0          0          0          0   rtexit.o
        10          0          0          0          0          0   rtexit2.o
        12          4          0          0          0         68   sys_exit.o
        74          0          0          0          0         80   sys_stackheap_outer.o
         2          0          0          0          0         68   use_no_semi.o
       688        140          0          0          0        208   ddiv.o
        90          4          0          0          0         92   dfixu.o
        38          0          0          0          0         68   dflt_clz.o
       156          4          0          0          0         92   dnaninf.o
        12          0          0          0          0         68   dretinf.o
         0          0          0          0          0          0   usenofp.o

    ----------------------------------------------------------------------
      1264        164          0          0         96       1112   Library Totals
         8          0          0          0          0          0   (incl. Padding)

    ----------------------------------------------------------------------

      Code (inc. data)   RO Data    RW Data    ZI Data      Debug   Library Name

       272         16          0          0         96        584   c_w.l
       984        148          0          0          0        528   fz_ws.l

    ----------------------------------------------------------------------
      1264        164          0          0         96       1112   Library Totals

    ----------------------------------------------------------------------

==============================================================================


      Code (inc. data)   RO Data    RW Data    ZI Data      Debug   

      5964       1208       5304        128       1120      28339   Grand Totals
      5964       1208       5304        128       1120      28339   ELF Image Totals
      5964       1208       5304        128          0          0   ROM Totals

==============================================================================

    Total RO  Size (Code + RO Data)                11268 (  11.00kB)
    Total RW  Size (RW Data + ZI Data)              1248 (   1.22kB)
    Total ROM Size (Code + RO Data + RW Data)      11396 (  11.13kB)

==============================================================================

